Archive member included to satisfy reference by file (symbol)

c:/st/stm32cubeide_1.3.0/stm32cubeide/plugins/com.st.stm32cube.ide.mcu.externaltools.gnu-tools-for-stm32.7-2018-q2-update.win32_1.4.0.202007081208/tools/bin/../lib/gcc/arm-none-eabi/7.3.1/../../../../arm-none-eabi/lib/thumb/v6-m\libc_nano.a(lib_a-errno.o)
                              Core/Src/syscalls.o (__errno)
c:/st/stm32cubeide_1.3.0/stm32cubeide/plugins/com.st.stm32cube.ide.mcu.externaltools.gnu-tools-for-stm32.7-2018-q2-update.win32_1.4.0.202007081208/tools/bin/../lib/gcc/arm-none-eabi/7.3.1/../../../../arm-none-eabi/lib/thumb/v6-m\libc_nano.a(lib_a-exit.o)
                              c:/st/stm32cubeide_1.3.0/stm32cubeide/plugins/com.st.stm32cube.ide.mcu.externaltools.gnu-tools-for-stm32.7-2018-q2-update.win32_1.4.0.202007081208/tools/bin/../lib/gcc/arm-none-eabi/7.3.1/../../../../arm-none-eabi/lib/thumb/v6-m/crt0.o (exit)
c:/st/stm32cubeide_1.3.0/stm32cubeide/plugins/com.st.stm32cube.ide.mcu.externaltools.gnu-tools-for-stm32.7-2018-q2-update.win32_1.4.0.202007081208/tools/bin/../lib/gcc/arm-none-eabi/7.3.1/../../../../arm-none-eabi/lib/thumb/v6-m\libc_nano.a(lib_a-impure.o)
                              c:/st/stm32cubeide_1.3.0/stm32cubeide/plugins/com.st.stm32cube.ide.mcu.externaltools.gnu-tools-for-stm32.7-2018-q2-update.win32_1.4.0.202007081208/tools/bin/../lib/gcc/arm-none-eabi/7.3.1/../../../../arm-none-eabi/lib/thumb/v6-m\libc_nano.a(lib_a-exit.o) (_global_impure_ptr)
c:/st/stm32cubeide_1.3.0/stm32cubeide/plugins/com.st.stm32cube.ide.mcu.externaltools.gnu-tools-for-stm32.7-2018-q2-update.win32_1.4.0.202007081208/tools/bin/../lib/gcc/arm-none-eabi/7.3.1/../../../../arm-none-eabi/lib/thumb/v6-m\libc_nano.a(lib_a-init.o)
                              c:/st/stm32cubeide_1.3.0/stm32cubeide/plugins/com.st.stm32cube.ide.mcu.externaltools.gnu-tools-for-stm32.7-2018-q2-update.win32_1.4.0.202007081208/tools/bin/../lib/gcc/arm-none-eabi/7.3.1/../../../../arm-none-eabi/lib/thumb/v6-m/crt0.o (__libc_init_array)
c:/st/stm32cubeide_1.3.0/stm32cubeide/plugins/com.st.stm32cube.ide.mcu.externaltools.gnu-tools-for-stm32.7-2018-q2-update.win32_1.4.0.202007081208/tools/bin/../lib/gcc/arm-none-eabi/7.3.1/../../../../arm-none-eabi/lib/thumb/v6-m\libc_nano.a(lib_a-memset.o)
                              c:/st/stm32cubeide_1.3.0/stm32cubeide/plugins/com.st.stm32cube.ide.mcu.externaltools.gnu-tools-for-stm32.7-2018-q2-update.win32_1.4.0.202007081208/tools/bin/../lib/gcc/arm-none-eabi/7.3.1/../../../../arm-none-eabi/lib/thumb/v6-m/crt0.o (memset)
c:/st/stm32cubeide_1.3.0/stm32cubeide/plugins/com.st.stm32cube.ide.mcu.externaltools.gnu-tools-for-stm32.7-2018-q2-update.win32_1.4.0.202007081208/tools/bin/../lib/gcc/arm-none-eabi/7.3.1/thumb/v6-m\libgcc.a(_udivsi3.o)
                              Core/Src/system_stm32l0xx.o (__aeabi_uidiv)
c:/st/stm32cubeide_1.3.0/stm32cubeide/plugins/com.st.stm32cube.ide.mcu.externaltools.gnu-tools-for-stm32.7-2018-q2-update.win32_1.4.0.202007081208/tools/bin/../lib/gcc/arm-none-eabi/7.3.1/thumb/v6-m\libgcc.a(_dvmd_tls.o)
                              c:/st/stm32cubeide_1.3.0/stm32cubeide/plugins/com.st.stm32cube.ide.mcu.externaltools.gnu-tools-for-stm32.7-2018-q2-update.win32_1.4.0.202007081208/tools/bin/../lib/gcc/arm-none-eabi/7.3.1/thumb/v6-m\libgcc.a(_udivsi3.o) (__aeabi_idiv0)

Allocating common symbols
Common symbol       size              file

hUsbDeviceFS        0x29c             USB_DEVICE/App/usb_device.o
uwTick              0x4               Drivers/STM32L0xx_HAL_Driver/Src/stm32l0xx_hal.o
pFlash              0x18              Drivers/STM32L0xx_HAL_Driver/Src/stm32l0xx_hal_flash.o
UserRxBufferFS      0x3e8             USB_DEVICE/App/usbd_cdc_if.o
Receiveflag         0x1               Core/Src/main.o
htim22              0x3c              Core/Src/main.o
UserTxBufferFS      0x3e8             USB_DEVICE/App/usbd_cdc_if.o
htim2               0x3c              Core/Src/main.o
hpcd_USB_FS         0x2f4             USB_DEVICE/Target/usbd_conf.o
USBD_StrDesc        0x200             USB_DEVICE/App/usbd_desc.o

Discarded input sections

 .text          0x0000000000000000        0x0 c:/st/stm32cubeide_1.3.0/stm32cubeide/plugins/com.st.stm32cube.ide.mcu.externaltools.gnu-tools-for-stm32.7-2018-q2-update.win32_1.4.0.202007081208/tools/bin/../lib/gcc/arm-none-eabi/7.3.1/thumb/v6-m/crti.o
 .data          0x0000000000000000        0x0 c:/st/stm32cubeide_1.3.0/stm32cubeide/plugins/com.st.stm32cube.ide.mcu.externaltools.gnu-tools-for-stm32.7-2018-q2-update.win32_1.4.0.202007081208/tools/bin/../lib/gcc/arm-none-eabi/7.3.1/thumb/v6-m/crti.o
 .bss           0x0000000000000000        0x0 c:/st/stm32cubeide_1.3.0/stm32cubeide/plugins/com.st.stm32cube.ide.mcu.externaltools.gnu-tools-for-stm32.7-2018-q2-update.win32_1.4.0.202007081208/tools/bin/../lib/gcc/arm-none-eabi/7.3.1/thumb/v6-m/crti.o
[...]
Memory Configuration

Name             Origin             Length             Attributes
RAM              0x0000000020000000 0x0000000000002000 xrw
FLASH            0x0000000008000000 0x0000000000010000 xr
*default*        0x0000000000000000 0xffffffffffffffff

Linker script and memory map

LOAD c:/st/stm32cubeide_1.3.0/stm32cubeide/plugins/com.st.stm32cube.ide.mcu.externaltools.gnu-tools-for-stm32.7-2018-q2-update.win32_1.4.0.202007081208/tools/bin/../lib/gcc/arm-none-eabi/7.3.1/thumb/v6-m/crti.o
LOAD c:/st/stm32cubeide_1.3.0/stm32cubeide/plugins/com.st.stm32cube.ide.mcu.externaltools.gnu-tools-for-stm32.7-2018-q2-update.win32_1.4.0.202007081208/tools/bin/../lib/gcc/arm-none-eabi/7.3.1/thumb/v6-m/crtbegin.o
LOAD c:/st/stm32cubeide_1.3.0/stm32cubeide/plugins/com.st.stm32cube.ide.mcu.externaltools.gnu-tools-for-stm32.7-2018-q2-update.win32_1.4.0.202007081208/tools/bin/../lib/gcc/arm-none-eabi/7.3.1/../../../../arm-none-eabi/lib/thumb/v6-m/crt0.o
LOAD Core/Src/main.o
LOAD Core/Src/stm32l0xx_hal_msp.o
LOAD Core/Src/stm32l0xx_it.o
LOAD Core/Src/syscalls.o
LOAD Core/Src/sysmem.o
LOAD Core/Src/system_stm32l0xx.o
LOAD Core/Startup/startup_stm32l053c8tx.o
LOAD Drivers/STM32L0xx_HAL_Driver/Src/stm32l0xx_hal.o
LOAD Drivers/STM32L0xx_HAL_Driver/Src/stm32l0xx_hal_cortex.o
LOAD Drivers/STM32L0xx_HAL_Driver/Src/stm32l0xx_hal_dma.o
LOAD Drivers/STM32L0xx_HAL_Driver/Src/stm32l0xx_hal_flash.o
LOAD Drivers/STM32L0xx_HAL_Driver/Src/stm32l0xx_hal_flash_ex.o
LOAD Drivers/STM32L0xx_HAL_Driver/Src/stm32l0xx_hal_flash_ramfunc.o
LOAD Drivers/STM32L0xx_HAL_Driver/Src/stm32l0xx_hal_gpio.o
LOAD Drivers/STM32L0xx_HAL_Driver/Src/stm32l0xx_hal_i2c.o
LOAD Drivers/STM32L0xx_HAL_Driver/Src/stm32l0xx_hal_i2c_ex.o
LOAD Drivers/STM32L0xx_HAL_Driver/Src/stm32l0xx_hal_pcd.o
LOAD Drivers/STM32L0xx_HAL_Driver/Src/stm32l0xx_hal_pcd_ex.o
LOAD Drivers/STM32L0xx_HAL_Driver/Src/stm32l0xx_hal_pwr.o
LOAD Drivers/STM32L0xx_HAL_Driver/Src/stm32l0xx_hal_pwr_ex.o
LOAD Drivers/STM32L0xx_HAL_Driver/Src/stm32l0xx_hal_rcc.o
LOAD Drivers/STM32L0xx_HAL_Driver/Src/stm32l0xx_hal_rcc_ex.o
LOAD Drivers/STM32L0xx_HAL_Driver/Src/stm32l0xx_hal_tim.o
LOAD Drivers/STM32L0xx_HAL_Driver/Src/stm32l0xx_hal_tim_ex.o
LOAD Drivers/STM32L0xx_HAL_Driver/Src/stm32l0xx_ll_usb.o
LOAD Middlewares/ST/STM32_USB_Device_Library/Class/CDC/Src/usbd_cdc.o
LOAD Middlewares/ST/STM32_USB_Device_Library/Core/Src/usbd_core.o
LOAD Middlewares/ST/STM32_USB_Device_Library/Core/Src/usbd_ctlreq.o
LOAD Middlewares/ST/STM32_USB_Device_Library/Core/Src/usbd_ioreq.o
LOAD USB_DEVICE/App/usb_device.o
LOAD USB_DEVICE/App/usbd_cdc_if.o
LOAD USB_DEVICE/App/usbd_desc.o
LOAD USB_DEVICE/Target/usbd_conf.o
START GROUP
LOAD c:/st/stm32cubeide_1.3.0/stm32cubeide/plugins/com.st.stm32cube.ide.mcu.externaltools.gnu-tools-for-stm32.7-2018-q2-update.win32_1.4.0.202007081208/tools/bin/../lib/gcc/arm-none-eabi/7.3.1/../../../../arm-none-eabi/lib/thumb/v6-m\libc_nano.a
LOAD c:/st/stm32cubeide_1.3.0/stm32cubeide/plugins/com.st.stm32cube.ide.mcu.externaltools.gnu-tools-for-stm32.7-2018-q2-update.win32_1.4.0.202007081208/tools/bin/../lib/gcc/arm-none-eabi/7.3.1/../../../../arm-none-eabi/lib/thumb/v6-m\libm.a
END GROUP
START GROUP
LOAD c:/st/stm32cubeide_1.3.0/stm32cubeide/plugins/com.st.stm32cube.ide.mcu.externaltools.gnu-tools-for-stm32.7-2018-q2-update.win32_1.4.0.202007081208/tools/bin/../lib/gcc/arm-none-eabi/7.3.1/thumb/v6-m\libgcc.a
LOAD c:/st/stm32cubeide_1.3.0/stm32cubeide/plugins/com.st.stm32cube.ide.mcu.externaltools.gnu-tools-for-stm32.7-2018-q2-update.win32_1.4.0.202007081208/tools/bin/../lib/gcc/arm-none-eabi/7.3.1/../../../../arm-none-eabi/lib/thumb/v6-m\libc_nano.a
END GROUP
START GROUP
LOAD c:/st/stm32cubeide_1.3.0/stm32cubeide/plugins/com.st.stm32cube.ide.mcu.externaltools.gnu-tools-for-stm32.7-2018-q2-update.win32_1.4.0.202007081208/tools/bin/../lib/gcc/arm-none-eabi/7.3.1/thumb/v6-m\libgcc.a
LOAD c:/st/stm32cubeide_1.3.0/stm32cubeide/plugins/com.st.stm32cube.ide.mcu.externaltools.gnu-tools-for-stm32.7-2018-q2-update.win32_1.4.0.202007081208/tools/bin/../lib/gcc/arm-none-eabi/7.3.1/../../../../arm-none-eabi/lib/thumb/v6-m\libc_nano.a
LOAD c:/st/stm32cubeide_1.3.0/stm32cubeide/plugins/com.st.stm32cube.ide.mcu.externaltools.gnu-tools-for-stm32.7-2018-q2-update.win32_1.4.0.202007081208/tools/bin/../lib/gcc/arm-none-eabi/7.3.1/../../../../arm-none-eabi/lib/thumb/v6-m\libnosys.a
END GROUP
START GROUP
LOAD c:/st/stm32cubeide_1.3.0/stm32cubeide/plugins/com.st.stm32cube.ide.mcu.externaltools.gnu-tools-for-stm32.7-2018-q2-update.win32_1.4.0.202007081208/tools/bin/../lib/gcc/arm-none-eabi/7.3.1/thumb/v6-m\libgcc.a
LOAD c:/st/stm32cubeide_1.3.0/stm32cubeide/plugins/com.st.stm32cube.ide.mcu.externaltools.gnu-tools-for-stm32.7-2018-q2-update.win32_1.4.0.202007081208/tools/bin/../lib/gcc/arm-none-eabi/7.3.1/../../../../arm-none-eabi/lib/thumb/v6-m\libc_nano.a
LOAD c:/st/stm32cubeide_1.3.0/stm32cubeide/plugins/com.st.stm32cube.ide.mcu.externaltools.gnu-tools-for-stm32.7-2018-q2-update.win32_1.4.0.202007081208/tools/bin/../lib/gcc/arm-none-eabi/7.3.1/../../../../arm-none-eabi/lib/thumb/v6-m\libnosys.a
END GROUP
LOAD c:/st/stm32cubeide_1.3.0/stm32cubeide/plugins/com.st.stm32cube.ide.mcu.externaltools.gnu-tools-for-stm32.7-2018-q2-update.win32_1.4.0.202007081208/tools/bin/../lib/gcc/arm-none-eabi/7.3.1/thumb/v6-m/crtend.o
LOAD c:/st/stm32cubeide_1.3.0/stm32cubeide/plugins/com.st.stm32cube.ide.mcu.externaltools.gnu-tools-for-stm32.7-2018-q2-update.win32_1.4.0.202007081208/tools/bin/../lib/gcc/arm-none-eabi/7.3.1/thumb/v6-m/crtn.o
                0x0000000020002000                _estack = (ORIGIN (RAM) + LENGTH (RAM))
                0x0000000000000200                _Min_Heap_Size = 0x200
                0x0000000000000400                _Min_Stack_Size = 0x400

.isr_vector     0x0000000008000000       0xc0
                0x0000000008000000                . = ALIGN (0x4)
 *(.isr_vector)
 .isr_vector    0x0000000008000000       0xc0 Core/Startup/startup_stm32l053c8tx.o
                0x0000000008000000                g_pfnVectors
                0x00000000080000c0                . = ALIGN (0x4)

.text           0x00000000080000c0     0x82c0
                0x00000000080000c0                . = ALIGN (0x4)
 *(.text)
 .text          0x00000000080000c0       0x48 c:/st/stm32cubeide_1.3.0/stm32cubeide/plugins/com.st.stm32cube.ide.mcu.externaltools.gnu-tools-for-stm32.7-2018-q2-update.win32_1.4.0.202007081208/tools/bin/../lib/gcc/arm-none-eabi/7.3.1/thumb/v6-m/crtbegin.o
 .text          0x0000000008000108      0x114 c:/st/stm32cubeide_1.3.0/stm32cubeide/plugins/com.st.stm32cube.ide.mcu.externaltools.gnu-tools-for-stm32.7-2018-q2-update.win32_1.4.0.202007081208/tools/bin/../lib/gcc/arm-none-eabi/7.3.1/thumb/v6-m\libgcc.a(_udivsi3.o)
                0x0000000008000108                __aeabi_uidiv
                0x0000000008000108                __udivsi3
                0x0000000008000214                __aeabi_uidivmod
 .text          0x000000000800021c        0x4 c:/st/stm32cubeide_1.3.0/stm32cubeide/plugins/com.st.stm32cube.ide.mcu.externaltools.gnu-tools-for-stm32.7-2018-q2-update.win32_1.4.0.202007081208/tools/bin/../lib/gcc/arm-none-eabi/7.3.1/thumb/v6-m\libgcc.a(_dvmd_tls.o)
                0x000000000800021c                __aeabi_idiv0
                0x000000000800021c                __aeabi_ldiv0
 *(.text*)
 .text.Motors_Control
                0x0000000008000220       0x80 Core/Src/main.o
                0x0000000008000220                Motors_Control
 .text.main     0x00000000080002a0       0x8c Core/Src/main.o
                0x00000000080002a0                main
 .text.SystemClock_Config
                0x000000000800032c       0xec Core/Src/main.o
                0x000000000800032c                SystemClock_Config
 .text.MX_TIM2_Init
                0x0000000008000418       0xfc Core/Src/main.o
 .text.MX_TIM22_Init
                0x0000000008000514       0xfc Core/Src/main.o
 .text.MX_GPIO_Init
                0x0000000008000610       0x88 Core/Src/main.o
 .text.Error_Handler
                0x0000000008000698        0xa Core/Src/main.o
                0x0000000008000698                Error_Handler
 *fill*         0x00000000080006a2        0x2 
 .text.HAL_MspInit
                0x00000000080006a4       0x28 Core/Src/stm32l0xx_hal_msp.o
                0x00000000080006a4                HAL_MspInit
 .text.HAL_TIM_Base_MspInit
                0x00000000080006cc       0x48 Core/Src/stm32l0xx_hal_msp.o
                0x00000000080006cc                HAL_TIM_Base_MspInit
 .text.HAL_TIM_MspPostInit
                0x0000000008000714       0xd0 Core/Src/stm32l0xx_hal_msp.o
                0x0000000008000714                HAL_TIM_MspPostInit
 .text.NMI_Handler
                0x00000000080007e4        0xa Core/Src/stm32l0xx_it.o
                0x00000000080007e4                NMI_Handler
 .text.HardFault_Handler
                0x00000000080007ee        0x6 Core/Src/stm32l0xx_it.o
                0x00000000080007ee                HardFault_Handler
 .text.SVC_Handler
                0x00000000080007f4        0xa Core/Src/stm32l0xx_it.o
                0x00000000080007f4                SVC_Handler
 .text.PendSV_Handler
                0x00000000080007fe        0xa Core/Src/stm32l0xx_it.o
                0x00000000080007fe                PendSV_Handler
 .text.SysTick_Handler
                0x0000000008000808        0xe Core/Src/stm32l0xx_it.o
                0x0000000008000808                SysTick_Handler
 *fill*         0x0000000008000816        0x2 
 .text.USB_IRQHandler
                0x0000000008000818       0x18 Core/Src/stm32l0xx_it.o
                0x0000000008000818                USB_IRQHandler
 .text.SystemInit
                0x0000000008000830       0x7c Core/Src/system_stm32l0xx.o
                0x0000000008000830                SystemInit
 .text.Reset_Handler
                0x00000000080008ac       0x50 Core/Startup/startup_stm32l053c8tx.o
                0x00000000080008ac                Reset_Handler
 .text.Default_Handler
                0x00000000080008fc        0x2 Core/Startup/startup_stm32l053c8tx.o
                0x00000000080008fc                TSC_IRQHandler
                0x00000000080008fc                ADC1_COMP_IRQHandler
                0x00000000080008fc                PVD_IRQHandler
                0x00000000080008fc                I2C1_IRQHandler
                0x00000000080008fc                RCC_CRS_IRQHandler
                0x00000000080008fc                SPI1_IRQHandler
                0x00000000080008fc                TIM6_DAC_IRQHandler
                0x00000000080008fc                EXTI2_3_IRQHandler
                0x00000000080008fc                I2C2_IRQHandler
                0x00000000080008fc                RTC_IRQHandler
                0x00000000080008fc                LCD_IRQHandler
                0x00000000080008fc                DMA1_Channel4_5_6_7_IRQHandler
                0x00000000080008fc                EXTI4_15_IRQHandler
                0x00000000080008fc                DMA1_Channel1_IRQHandler
                0x00000000080008fc                Default_Handler
                0x00000000080008fc                TIM22_IRQHandler
                0x00000000080008fc                EXTI0_1_IRQHandler
                0x00000000080008fc                SPI2_IRQHandler
                0x00000000080008fc                TIM21_IRQHandler
                0x00000000080008fc                WWDG_IRQHandler
                0x00000000080008fc                TIM2_IRQHandler
                0x00000000080008fc                DMA1_Channel2_3_IRQHandler
                0x00000000080008fc                USART2_IRQHandler
                0x00000000080008fc                FLASH_IRQHandler
                0x00000000080008fc                USART1_IRQHandler
                0x00000000080008fc                RNG_LPUART1_IRQHandler
                0x00000000080008fc                LPTIM1_IRQHandler
 *fill*         0x00000000080008fe        0x2 
 .text.HAL_Init
                0x0000000008000900       0x40 Drivers/STM32L0xx_HAL_Driver/Src/stm32l0xx_hal.o
                0x0000000008000900                HAL_Init
 .text.HAL_InitTick
                0x0000000008000940       0x68 Drivers/STM32L0xx_HAL_Driver/Src/stm32l0xx_hal.o
                0x0000000008000940                HAL_InitTick
 .text.HAL_IncTick
                0x00000000080009a8       0x24 Drivers/STM32L0xx_HAL_Driver/Src/stm32l0xx_hal.o
                0x00000000080009a8                HAL_IncTick
 .text.HAL_GetTick
                0x00000000080009cc       0x14 Drivers/STM32L0xx_HAL_Driver/Src/stm32l0xx_hal.o
                0x00000000080009cc                HAL_GetTick
 .text.HAL_Delay
                0x00000000080009e0       0x44 Drivers/STM32L0xx_HAL_Driver/Src/stm32l0xx_hal.o
                0x00000000080009e0                HAL_Delay
 .text.NVIC_EnableIRQ
                0x0000000008000a24       0x2c Drivers/STM32L0xx_HAL_Driver/Src/stm32l0xx_hal_cortex.o
 .text.NVIC_SetPriority
                0x0000000008000a50       0xdc Drivers/STM32L0xx_HAL_Driver/Src/stm32l0xx_hal_cortex.o
 .text.SysTick_Config
                0x0000000008000b2c       0x48 Drivers/STM32L0xx_HAL_Driver/Src/stm32l0xx_hal_cortex.o
 .text.HAL_NVIC_SetPriority
                0x0000000008000b74       0x2a Drivers/STM32L0xx_HAL_Driver/Src/stm32l0xx_hal_cortex.o
                0x0000000008000b74                HAL_NVIC_SetPriority
 .text.HAL_NVIC_EnableIRQ
                0x0000000008000b9e       0x20 Drivers/STM32L0xx_HAL_Driver/Src/stm32l0xx_hal_cortex.o
                0x0000000008000b9e                HAL_NVIC_EnableIRQ
 .text.HAL_SYSTICK_Config
                0x0000000008000bbe       0x1a Drivers/STM32L0xx_HAL_Driver/Src/stm32l0xx_hal_cortex.o
                0x0000000008000bbe                HAL_SYSTICK_Config
 .text.HAL_GPIO_Init
                0x0000000008000bd8      0x2ec Drivers/STM32L0xx_HAL_Driver/Src/stm32l0xx_hal_gpio.o
                0x0000000008000bd8                HAL_GPIO_Init
 .text.HAL_GPIO_WritePin
                0x0000000008000ec4       0x3a Drivers/STM32L0xx_HAL_Driver/Src/stm32l0xx_hal_gpio.o
                0x0000000008000ec4                HAL_GPIO_WritePin
 .text.HAL_GPIO_TogglePin
                0x0000000008000efe       0x36 Drivers/STM32L0xx_HAL_Driver/Src/stm32l0xx_hal_gpio.o
                0x0000000008000efe                HAL_GPIO_TogglePin
 .text.HAL_PCD_Init
                0x0000000008000f34      0x220 Drivers/STM32L0xx_HAL_Driver/Src/stm32l0xx_hal_pcd.o
                0x0000000008000f34                HAL_PCD_Init
 .text.HAL_PCD_Start
                0x0000000008001154       0x4a Drivers/STM32L0xx_HAL_Driver/Src/stm32l0xx_hal_pcd.o
                0x0000000008001154                HAL_PCD_Start
 *fill*         0x000000000800119e        0x2 
 .text.HAL_PCD_IRQHandler
                0x00000000080011a0      0x2f8 Drivers/STM32L0xx_HAL_Driver/Src/stm32l0xx_hal_pcd.o
                0x00000000080011a0                HAL_PCD_IRQHandler
 .text.HAL_PCD_SetAddress
                0x0000000008001498       0x56 Drivers/STM32L0xx_HAL_Driver/Src/stm32l0xx_hal_pcd.o
                0x0000000008001498                HAL_PCD_SetAddress
 .text.HAL_PCD_EP_Open
                0x00000000080014ee       0xf0 Drivers/STM32L0xx_HAL_Driver/Src/stm32l0xx_hal_pcd.o
                0x00000000080014ee                HAL_PCD_EP_Open
 .text.HAL_PCD_EP_Close
                0x00000000080015de       0xa2 Drivers/STM32L0xx_HAL_Driver/Src/stm32l0xx_hal_pcd.o
                0x00000000080015de                HAL_PCD_EP_Close
 .text.HAL_PCD_EP_Receive
                0x0000000008001680       0x88 Drivers/STM32L0xx_HAL_Driver/Src/stm32l0xx_hal_pcd.o
                0x0000000008001680                HAL_PCD_EP_Receive
 .text.HAL_PCD_EP_GetRxCount
                0x0000000008001708       0x32 Drivers/STM32L0xx_HAL_Driver/Src/stm32l0xx_hal_pcd.o
                0x0000000008001708                HAL_PCD_EP_GetRxCount
 .text.HAL_PCD_EP_Transmit
                0x000000000800173a       0x92 Drivers/STM32L0xx_HAL_Driver/Src/stm32l0xx_hal_pcd.o
                0x000000000800173a                HAL_PCD_EP_Transmit
 .text.HAL_PCD_EP_SetStall
                0x00000000080017cc       0xb8 Drivers/STM32L0xx_HAL_Driver/Src/stm32l0xx_hal_pcd.o
                0x00000000080017cc                HAL_PCD_EP_SetStall
 .text.HAL_PCD_EP_ClrStall
                0x0000000008001884       0xbc Drivers/STM32L0xx_HAL_Driver/Src/stm32l0xx_hal_pcd.o
                0x0000000008001884                HAL_PCD_EP_ClrStall
 .text.PCD_EP_ISR_Handler
                0x0000000008001940      0x688 Drivers/STM32L0xx_HAL_Driver/Src/stm32l0xx_hal_pcd.o
 .text.HAL_PCD_EP_DB_Receive
                0x0000000008001fc8      0x240 Drivers/STM32L0xx_HAL_Driver/Src/stm32l0xx_hal_pcd.o
 .text.HAL_PCD_EP_DB_Transmit
                0x0000000008002208      0x568 Drivers/STM32L0xx_HAL_Driver/Src/stm32l0xx_hal_pcd.o
 .text.HAL_PCDEx_PMAConfig
                0x0000000008002770       0x9c Drivers/STM32L0xx_HAL_Driver/Src/stm32l0xx_hal_pcd_ex.o
                0x0000000008002770                HAL_PCDEx_PMAConfig
 .text.HAL_PCDEx_ActivateLPM
                0x000000000800280c       0x54 Drivers/STM32L0xx_HAL_Driver/Src/stm32l0xx_hal_pcd_ex.o
                0x000000000800280c                HAL_PCDEx_ActivateLPM
 .text.HAL_PCDEx_LPM_Callback
                0x0000000008002860       0x16 Drivers/STM32L0xx_HAL_Driver/Src/stm32l0xx_hal_pcd_ex.o
                0x0000000008002860                HAL_PCDEx_LPM_Callback
 *fill*         0x0000000008002876        0x2 
 .text.HAL_RCC_OscConfig
                0x0000000008002878      0x780 Drivers/STM32L0xx_HAL_Driver/Src/stm32l0xx_hal_rcc.o
                0x0000000008002878                HAL_RCC_OscConfig
 .text.HAL_RCC_ClockConfig
                0x0000000008002ff8      0x254 Drivers/STM32L0xx_HAL_Driver/Src/stm32l0xx_hal_rcc.o
                0x0000000008002ff8                HAL_RCC_ClockConfig
 .text.HAL_RCC_GetSysClockFreq
                0x000000000800324c      0x108 Drivers/STM32L0xx_HAL_Driver/Src/stm32l0xx_hal_rcc.o
                0x000000000800324c                HAL_RCC_GetSysClockFreq
 .text.HAL_RCCEx_PeriphCLKConfig
                0x0000000008003354      0x2c8 Drivers/STM32L0xx_HAL_Driver/Src/stm32l0xx_hal_rcc_ex.o
                0x0000000008003354                HAL_RCCEx_PeriphCLKConfig
 .text.HAL_TIM_Base_Init
                0x000000000800361c       0x58 Drivers/STM32L0xx_HAL_Driver/Src/stm32l0xx_hal_tim.o
                0x000000000800361c                HAL_TIM_Base_Init
 .text.HAL_TIM_PWM_Init
                0x0000000008003674       0x58 Drivers/STM32L0xx_HAL_Driver/Src/stm32l0xx_hal_tim.o
                0x0000000008003674                HAL_TIM_PWM_Init
 .text.HAL_TIM_PWM_MspInit
                0x00000000080036cc       0x10 Drivers/STM32L0xx_HAL_Driver/Src/stm32l0xx_hal_tim.o
                0x00000000080036cc                HAL_TIM_PWM_MspInit
 .text.HAL_TIM_PWM_Start
                0x00000000080036dc       0x44 Drivers/STM32L0xx_HAL_Driver/Src/stm32l0xx_hal_tim.o
                0x00000000080036dc                HAL_TIM_PWM_Start
 .text.HAL_TIM_PWM_ConfigChannel
                0x0000000008003720      0x170 Drivers/STM32L0xx_HAL_Driver/Src/stm32l0xx_hal_tim.o
                0x0000000008003720                HAL_TIM_PWM_ConfigChannel
 .text.HAL_TIM_ConfigClockSource
                0x0000000008003890      0x17c Drivers/STM32L0xx_HAL_Driver/Src/stm32l0xx_hal_tim.o
                0x0000000008003890                HAL_TIM_ConfigClockSource
 .text.TIM_Base_SetConfig
                0x0000000008003a0c       0xa8 Drivers/STM32L0xx_HAL_Driver/Src/stm32l0xx_hal_tim.o
 .text.TIM_OC1_SetConfig
                0x0000000008003ab4       0x78 Drivers/STM32L0xx_HAL_Driver/Src/stm32l0xx_hal_tim.o
 .text.TIM_OC2_SetConfig
                0x0000000008003b2c       0x84 Drivers/STM32L0xx_HAL_Driver/Src/stm32l0xx_hal_tim.o
 .text.TIM_OC3_SetConfig
                0x0000000008003bb0       0x80 Drivers/STM32L0xx_HAL_Driver/Src/stm32l0xx_hal_tim.o
 .text.TIM_OC4_SetConfig
                0x0000000008003c30       0x8c Drivers/STM32L0xx_HAL_Driver/Src/stm32l0xx_hal_tim.o
 .text.TIM_TI1_ConfigInputStage
                0x0000000008003cbc       0x5c Drivers/STM32L0xx_HAL_Driver/Src/stm32l0xx_hal_tim.o
 .text.TIM_TI2_ConfigInputStage
                0x0000000008003d18       0x64 Drivers/STM32L0xx_HAL_Driver/Src/stm32l0xx_hal_tim.o
 .text.TIM_ITRx_SetConfig
                0x0000000008003d7c       0x32 Drivers/STM32L0xx_HAL_Driver/Src/stm32l0xx_hal_tim.o
 *fill*         0x0000000008003dae        0x2 
 .text.TIM_ETR_SetConfig
                0x0000000008003db0       0x40 Drivers/STM32L0xx_HAL_Driver/Src/stm32l0xx_hal_tim.o
 .text.TIM_CCxChannelCmd
                0x0000000008003df0       0x46 Drivers/STM32L0xx_HAL_Driver/Src/stm32l0xx_hal_tim.o
 .text.HAL_TIMEx_MasterConfigSynchronization
                0x0000000008003e36       0x86 Drivers/STM32L0xx_HAL_Driver/Src/stm32l0xx_hal_tim_ex.o
                0x0000000008003e36                HAL_TIMEx_MasterConfigSynchronization
 .text.USB_EnableGlobalInt
                0x0000000008003ebc       0x2c Drivers/STM32L0xx_HAL_Driver/Src/stm32l0xx_ll_usb.o
                0x0000000008003ebc                USB_EnableGlobalInt
 .text.USB_DisableGlobalInt
                0x0000000008003ee8       0x34 Drivers/STM32L0xx_HAL_Driver/Src/stm32l0xx_ll_usb.o
                0x0000000008003ee8                USB_DisableGlobalInt
 .text.USB_DevInit
                0x0000000008003f1c       0x58 Drivers/STM32L0xx_HAL_Driver/Src/stm32l0xx_ll_usb.o
                0x0000000008003f1c                USB_DevInit
 .text.USB_ActivateEndpoint
                0x0000000008003f74      0x6ac Drivers/STM32L0xx_HAL_Driver/Src/stm32l0xx_ll_usb.o
                0x0000000008003f74                USB_ActivateEndpoint
 .text.USB_DeactivateEndpoint
                0x0000000008004620      0x380 Drivers/STM32L0xx_HAL_Driver/Src/stm32l0xx_ll_usb.o
                0x0000000008004620                USB_DeactivateEndpoint
 .text.USB_EPStartXfer
                0x00000000080049a0     0x12ac Drivers/STM32L0xx_HAL_Driver/Src/stm32l0xx_ll_usb.o
                0x00000000080049a0                USB_EPStartXfer
 .text.USB_EPSetStall
                0x0000000008005c4c       0xa0 Drivers/STM32L0xx_HAL_Driver/Src/stm32l0xx_ll_usb.o
                0x0000000008005c4c                USB_EPSetStall
 .text.USB_EPClearStall
                0x0000000008005cec      0x164 Drivers/STM32L0xx_HAL_Driver/Src/stm32l0xx_ll_usb.o
                0x0000000008005cec                USB_EPClearStall
 .text.USB_SetDevAddress
                0x0000000008005e50       0x28 Drivers/STM32L0xx_HAL_Driver/Src/stm32l0xx_ll_usb.o
                0x0000000008005e50                USB_SetDevAddress
 .text.USB_DevConnect
                0x0000000008005e78       0x2c Drivers/STM32L0xx_HAL_Driver/Src/stm32l0xx_ll_usb.o
                0x0000000008005e78                USB_DevConnect
 .text.USB_ReadInterrupts
                0x0000000008005ea4       0x1c Drivers/STM32L0xx_HAL_Driver/Src/stm32l0xx_ll_usb.o
                0x0000000008005ea4                USB_ReadInterrupts
 .text.USB_WritePMA
                0x0000000008005ec0       0x86 Drivers/STM32L0xx_HAL_Driver/Src/stm32l0xx_ll_usb.o
                0x0000000008005ec0                USB_WritePMA
 .text.USB_ReadPMA
                0x0000000008005f46       0x9e Drivers/STM32L0xx_HAL_Driver/Src/stm32l0xx_ll_usb.o
                0x0000000008005f46                USB_ReadPMA
 .text.USBD_CDC_Init
                0x0000000008005fe4      0x118 Middlewares/ST/STM32_USB_Device_Library/Class/CDC/Src/usbd_cdc.o
 .text.USBD_CDC_DeInit
                0x00000000080060fc       0x88 Middlewares/ST/STM32_USB_Device_Library/Class/CDC/Src/usbd_cdc.o
 .text.USBD_CDC_Setup
                0x0000000008006184      0x18c Middlewares/ST/STM32_USB_Device_Library/Class/CDC/Src/usbd_cdc.o
 .text.USBD_CDC_DataIn
                0x0000000008006310       0xb6 Middlewares/ST/STM32_USB_Device_Library/Class/CDC/Src/usbd_cdc.o
 .text.USBD_CDC_DataOut
                0x00000000080063c6       0x6a Middlewares/ST/STM32_USB_Device_Library/Class/CDC/Src/usbd_cdc.o
 .text.USBD_CDC_EP0_RxReady
                0x0000000008006430       0x64 Middlewares/ST/STM32_USB_Device_Library/Class/CDC/Src/usbd_cdc.o
 .text.USBD_CDC_GetFSCfgDesc
                0x0000000008006494       0x1c Middlewares/ST/STM32_USB_Device_Library/Class/CDC/Src/usbd_cdc.o
 .text.USBD_CDC_GetHSCfgDesc
                0x00000000080064b0       0x1c Middlewares/ST/STM32_USB_Device_Library/Class/CDC/Src/usbd_cdc.o
 .text.USBD_CDC_GetOtherSpeedCfgDesc
                0x00000000080064cc       0x1c Middlewares/ST/STM32_USB_Device_Library/Class/CDC/Src/usbd_cdc.o
 .text.USBD_CDC_GetDeviceQualifierDescriptor
                0x00000000080064e8       0x1c Middlewares/ST/STM32_USB_Device_Library/Class/CDC/Src/usbd_cdc.o
                0x00000000080064e8                USBD_CDC_GetDeviceQualifierDescriptor
 .text.USBD_CDC_RegisterInterface
                0x0000000008006504       0x38 Middlewares/ST/STM32_USB_Device_Library/Class/CDC/Src/usbd_cdc.o
                0x0000000008006504                USBD_CDC_RegisterInterface
 .text.USBD_CDC_SetTxBuffer
                0x000000000800653c       0x38 Middlewares/ST/STM32_USB_Device_Library/Class/CDC/Src/usbd_cdc.o
                0x000000000800653c                USBD_CDC_SetTxBuffer
 .text.USBD_CDC_SetRxBuffer
                0x0000000008006574       0x28 Middlewares/ST/STM32_USB_Device_Library/Class/CDC/Src/usbd_cdc.o
                0x0000000008006574                USBD_CDC_SetRxBuffer
 .text.USBD_CDC_ReceivePacket
                0x000000000800659c       0x5c Middlewares/ST/STM32_USB_Device_Library/Class/CDC/Src/usbd_cdc.o
                0x000000000800659c                USBD_CDC_ReceivePacket
 .text.USBD_Init
                0x00000000080065f8       0x62 Middlewares/ST/STM32_USB_Device_Library/Core/Src/usbd_core.o
                0x00000000080065f8                USBD_Init
 .text.USBD_RegisterClass
                0x000000000800665a       0x42 Middlewares/ST/STM32_USB_Device_Library/Core/Src/usbd_core.o
                0x000000000800665a                USBD_RegisterClass
 .text.USBD_Start
                0x000000000800669c       0x1a Middlewares/ST/STM32_USB_Device_Library/Core/Src/usbd_core.o
                0x000000000800669c                USBD_Start
 .text.USBD_RunTestMode
                0x00000000080066b6       0x12 Middlewares/ST/STM32_USB_Device_Library/Core/Src/usbd_core.o
                0x00000000080066b6                USBD_RunTestMode
 .text.USBD_SetClassConfig
                0x00000000080066c8       0x50 Middlewares/ST/STM32_USB_Device_Library/Core/Src/usbd_core.o
                0x00000000080066c8                USBD_SetClassConfig
 .text.USBD_ClrClassConfig
                0x0000000008006718       0x2c Middlewares/ST/STM32_USB_Device_Library/Core/Src/usbd_core.o
                0x0000000008006718                USBD_ClrClassConfig
 .text.USBD_LL_SetupStage
                0x0000000008006744       0xb8 Middlewares/ST/STM32_USB_Device_Library/Core/Src/usbd_core.o
                0x0000000008006744                USBD_LL_SetupStage
 .text.USBD_LL_DataOutStage
                0x00000000080067fc      0x104 Middlewares/ST/STM32_USB_Device_Library/Core/Src/usbd_core.o
                0x00000000080067fc                USBD_LL_DataOutStage
 .text.USBD_LL_DataInStage
                0x0000000008006900      0x17a Middlewares/ST/STM32_USB_Device_Library/Core/Src/usbd_core.o
                0x0000000008006900                USBD_LL_DataInStage
 .text.USBD_LL_Reset
                0x0000000008006a7a       0x90 Middlewares/ST/STM32_USB_Device_Library/Core/Src/usbd_core.o
                0x0000000008006a7a                USBD_LL_Reset
 .text.USBD_LL_SetSpeed
                0x0000000008006b0a       0x20 Middlewares/ST/STM32_USB_Device_Library/Core/Src/usbd_core.o
                0x0000000008006b0a                USBD_LL_SetSpeed
 *fill*         0x0000000008006b2a        0x2 
 .text.USBD_LL_Suspend
                0x0000000008006b2c       0x30 Middlewares/ST/STM32_USB_Device_Library/Core/Src/usbd_core.o
                0x0000000008006b2c                USBD_LL_Suspend
 .text.USBD_LL_Resume
                0x0000000008006b5c       0x24 Middlewares/ST/STM32_USB_Device_Library/Core/Src/usbd_core.o
                0x0000000008006b5c                USBD_LL_Resume
 .text.USBD_LL_SOF
                0x0000000008006b80       0x3c Middlewares/ST/STM32_USB_Device_Library/Core/Src/usbd_core.o
                0x0000000008006b80                USBD_LL_SOF
 .text.USBD_StdDevReq
                0x0000000008006bbc       0xe4 Middlewares/ST/STM32_USB_Device_Library/Core/Src/usbd_ctlreq.o
                0x0000000008006bbc                USBD_StdDevReq
 .text.USBD_StdItfReq
                0x0000000008006ca0       0xae Middlewares/ST/STM32_USB_Device_Library/Core/Src/usbd_ctlreq.o
                0x0000000008006ca0                USBD_StdItfReq
 .text.USBD_StdEPReq
                0x0000000008006d4e      0x378 Middlewares/ST/STM32_USB_Device_Library/Core/Src/usbd_ctlreq.o
                0x0000000008006d4e                USBD_StdEPReq
 *fill*         0x00000000080070c6        0x2 
 .text.USBD_GetDescriptor
                0x00000000080070c8      0x224 Middlewares/ST/STM32_USB_Device_Library/Core/Src/usbd_ctlreq.o
 .text.USBD_SetAddress
                0x00000000080072ec       0xa8 Middlewares/ST/STM32_USB_Device_Library/Core/Src/usbd_ctlreq.o
 .text.USBD_SetConfig
                0x0000000008007394      0x148 Middlewares/ST/STM32_USB_Device_Library/Core/Src/usbd_ctlreq.o
 .text.USBD_GetConfig
                0x00000000080074dc       0x74 Middlewares/ST/STM32_USB_Device_Library/Core/Src/usbd_ctlreq.o
 .text.USBD_GetStatus
                0x0000000008007550       0x74 Middlewares/ST/STM32_USB_Device_Library/Core/Src/usbd_ctlreq.o
 .text.USBD_SetFeature
                0x00000000080075c4       0x2c Middlewares/ST/STM32_USB_Device_Library/Core/Src/usbd_ctlreq.o
 .text.USBD_ClrFeature
                0x00000000080075f0       0x4c Middlewares/ST/STM32_USB_Device_Library/Core/Src/usbd_ctlreq.o
 .text.USBD_ParseSetupRequest
                0x000000000800763c       0x76 Middlewares/ST/STM32_USB_Device_Library/Core/Src/usbd_ctlreq.o
                0x000000000800763c                USBD_ParseSetupRequest
 .text.USBD_CtlError
                0x00000000080076b2       0x26 Middlewares/ST/STM32_USB_Device_Library/Core/Src/usbd_ctlreq.o
                0x00000000080076b2                USBD_CtlError
 .text.USBD_GetString
                0x00000000080076d8       0x9e Middlewares/ST/STM32_USB_Device_Library/Core/Src/usbd_ctlreq.o
                0x00000000080076d8                USBD_GetString
 .text.USBD_GetLen
                0x0000000008007776       0x3a Middlewares/ST/STM32_USB_Device_Library/Core/Src/usbd_ctlreq.o
 .text.USBD_CtlSendData
                0x00000000080077b0       0x40 Middlewares/ST/STM32_USB_Device_Library/Core/Src/usbd_ioreq.o
                0x00000000080077b0                USBD_CtlSendData
 .text.USBD_CtlContinueSendData
                0x00000000080077f0       0x26 Middlewares/ST/STM32_USB_Device_Library/Core/Src/usbd_ioreq.o
                0x00000000080077f0                USBD_CtlContinueSendData
 .text.USBD_CtlPrepareRx
                0x0000000008007816       0x48 Middlewares/ST/STM32_USB_Device_Library/Core/Src/usbd_ioreq.o
                0x0000000008007816                USBD_CtlPrepareRx
 .text.USBD_CtlContinueRx
                0x000000000800785e       0x26 Middlewares/ST/STM32_USB_Device_Library/Core/Src/usbd_ioreq.o
                0x000000000800785e                USBD_CtlContinueRx
 .text.USBD_CtlSendStatus
                0x0000000008007884       0x28 Middlewares/ST/STM32_USB_Device_Library/Core/Src/usbd_ioreq.o
                0x0000000008007884                USBD_CtlSendStatus
 .text.USBD_CtlReceiveStatus
                0x00000000080078ac       0x28 Middlewares/ST/STM32_USB_Device_Library/Core/Src/usbd_ioreq.o
                0x00000000080078ac                USBD_CtlReceiveStatus
 .text.MX_USB_DEVICE_Init
                0x00000000080078d4       0x68 USB_DEVICE/App/usb_device.o
                0x00000000080078d4                MX_USB_DEVICE_Init
 .text.CDC_Init_FS
                0x000000000800793c       0x30 USB_DEVICE/App/usbd_cdc_if.o
 .text.CDC_DeInit_FS
                0x000000000800796c        0xc USB_DEVICE/App/usbd_cdc_if.o
 .text.CDC_Control_FS
                0x0000000008007978       0x38 USB_DEVICE/App/usbd_cdc_if.o
 .text.CDC_Receive_FS
                0x00000000080079b0       0x3c USB_DEVICE/App/usbd_cdc_if.o
 .text.CDC_ReceiveCallBack
                0x00000000080079ec       0x12 USB_DEVICE/App/usbd_cdc_if.o
                0x00000000080079ec                CDC_ReceiveCallBack
 *fill*         0x00000000080079fe        0x2 
 .text.USBD_FS_DeviceDescriptor
                0x0000000008007a00       0x24 USB_DEVICE/App/usbd_desc.o
                0x0000000008007a00                USBD_FS_DeviceDescriptor
 .text.USBD_FS_LangIDStrDescriptor
                0x0000000008007a24       0x24 USB_DEVICE/App/usbd_desc.o
                0x0000000008007a24                USBD_FS_LangIDStrDescriptor
 .text.USBD_FS_ProductStrDescriptor
                0x0000000008007a48       0x44 USB_DEVICE/App/usbd_desc.o
                0x0000000008007a48                USBD_FS_ProductStrDescriptor
 .text.USBD_FS_ManufacturerStrDescriptor
                0x0000000008007a8c       0x2c USB_DEVICE/App/usbd_desc.o
                0x0000000008007a8c                USBD_FS_ManufacturerStrDescriptor
 .text.USBD_FS_SerialStrDescriptor
                0x0000000008007ab8       0x28 USB_DEVICE/App/usbd_desc.o
                0x0000000008007ab8                USBD_FS_SerialStrDescriptor
 .text.USBD_FS_ConfigStrDescriptor
                0x0000000008007ae0       0x44 USB_DEVICE/App/usbd_desc.o
                0x0000000008007ae0                USBD_FS_ConfigStrDescriptor
 .text.USBD_FS_InterfaceStrDescriptor
                0x0000000008007b24       0x44 USB_DEVICE/App/usbd_desc.o
                0x0000000008007b24                USBD_FS_InterfaceStrDescriptor
 .text.Get_SerialNum
                0x0000000008007b68       0x5c USB_DEVICE/App/usbd_desc.o
 .text.IntToUnicode
                0x0000000008007bc4       0x94 USB_DEVICE/App/usbd_desc.o
 .text.HAL_PCD_MspInit
                0x0000000008007c58       0x40 USB_DEVICE/Target/usbd_conf.o
                0x0000000008007c58                HAL_PCD_MspInit
 .text.HAL_PCD_SetupStageCallback
                0x0000000008007c98       0x2a USB_DEVICE/Target/usbd_conf.o
                0x0000000008007c98                HAL_PCD_SetupStageCallback
 .text.HAL_PCD_DataOutStageCallback
                0x0000000008007cc2       0x42 USB_DEVICE/Target/usbd_conf.o
                0x0000000008007cc2                HAL_PCD_DataOutStageCallback
 .text.HAL_PCD_DataInStageCallback
                0x0000000008007d04       0x3c USB_DEVICE/Target/usbd_conf.o
                0x0000000008007d04                HAL_PCD_DataInStageCallback
 .text.HAL_PCD_SOFCallback
                0x0000000008007d40       0x1e USB_DEVICE/Target/usbd_conf.o
                0x0000000008007d40                HAL_PCD_SOFCallback
 .text.HAL_PCD_ResetCallback
                0x0000000008007d5e       0x48 USB_DEVICE/Target/usbd_conf.o
                0x0000000008007d5e                HAL_PCD_ResetCallback
 *fill*         0x0000000008007da6        0x2 
 .text.HAL_PCD_SuspendCallback
                0x0000000008007da8       0x38 USB_DEVICE/Target/usbd_conf.o
                0x0000000008007da8                HAL_PCD_SuspendCallback
 .text.HAL_PCD_ResumeCallback
                0x0000000008007de0       0x3c USB_DEVICE/Target/usbd_conf.o
                0x0000000008007de0                HAL_PCD_ResumeCallback
 .text.USBD_LL_Init
                0x0000000008007e1c       0xc8 USB_DEVICE/Target/usbd_conf.o
                0x0000000008007e1c                USBD_LL_Init
 .text.USBD_LL_Start
                0x0000000008007ee4       0x4c USB_DEVICE/Target/usbd_conf.o
                0x0000000008007ee4                USBD_LL_Start
 .text.USBD_LL_OpenEP
                0x0000000008007f30       0x6e USB_DEVICE/Target/usbd_conf.o
                0x0000000008007f30                USBD_LL_OpenEP
 .text.USBD_LL_CloseEP
                0x0000000008007f9e       0x58 USB_DEVICE/Target/usbd_conf.o
                0x0000000008007f9e                USBD_LL_CloseEP
 .text.USBD_LL_StallEP
                0x0000000008007ff6       0x58 USB_DEVICE/Target/usbd_conf.o
                0x0000000008007ff6                USBD_LL_StallEP
 .text.USBD_LL_ClearStallEP
                0x000000000800804e       0x58 USB_DEVICE/Target/usbd_conf.o
                0x000000000800804e                USBD_LL_ClearStallEP
 .text.USBD_LL_IsStallEP
                0x00000000080080a6       0x62 USB_DEVICE/Target/usbd_conf.o
                0x00000000080080a6                USBD_LL_IsStallEP
 .text.USBD_LL_SetUSBAddress
                0x0000000008008108       0x58 USB_DEVICE/Target/usbd_conf.o
                0x0000000008008108                USBD_LL_SetUSBAddress
 .text.USBD_LL_Transmit
                0x0000000008008160       0x70 USB_DEVICE/Target/usbd_conf.o
                0x0000000008008160                USBD_LL_Transmit
 .text.USBD_LL_PrepareReceive
                0x00000000080081d0       0x70 USB_DEVICE/Target/usbd_conf.o
                0x00000000080081d0                USBD_LL_PrepareReceive
 .text.USBD_LL_GetRxDataSize
                0x0000000008008240       0x2c USB_DEVICE/Target/usbd_conf.o
                0x0000000008008240                USBD_LL_GetRxDataSize
 .text.USBD_static_malloc
                0x000000000800826c       0x18 USB_DEVICE/Target/usbd_conf.o
                0x000000000800826c                USBD_static_malloc
 .text.USBD_static_free
                0x0000000008008284       0x10 USB_DEVICE/Target/usbd_conf.o
                0x0000000008008284                USBD_static_free
 .text.SystemClockConfig_Resume
                0x0000000008008294        0xe USB_DEVICE/Target/usbd_conf.o
 .text.USBD_Get_USB_Status
                0x00000000080082a2       0x6e USB_DEVICE/Target/usbd_conf.o
 .text.__libc_init_array
                0x0000000008008310       0x48 c:/st/stm32cubeide_1.3.0/stm32cubeide/plugins/com.st.stm32cube.ide.mcu.externaltools.gnu-tools-for-stm32.7-2018-q2-update.win32_1.4.0.202007081208/tools/bin/../lib/gcc/arm-none-eabi/7.3.1/../../../../arm-none-eabi/lib/thumb/v6-m\libc_nano.a(lib_a-init.o)
                0x0000000008008310                __libc_init_array
 .text.memset   0x0000000008008358       0x10 c:/st/stm32cubeide_1.3.0/stm32cubeide/plugins/com.st.stm32cube.ide.mcu.externaltools.gnu-tools-for-stm32.7-2018-q2-update.win32_1.4.0.202007081208/tools/bin/../lib/gcc/arm-none-eabi/7.3.1/../../../../arm-none-eabi/lib/thumb/v6-m\libc_nano.a(lib_a-memset.o)
                0x0000000008008358                memset
 *(.glue_7)
 .glue_7        0x0000000008008368        0x0 linker stubs
 *(.glue_7t)
 .glue_7t       0x0000000008008368        0x0 linker stubs
 *(.eh_frame)
 .eh_frame      0x0000000008008368        0x0 c:/st/stm32cubeide_1.3.0/stm32cubeide/plugins/com.st.stm32cube.ide.mcu.externaltools.gnu-tools-for-stm32.7-2018-q2-update.win32_1.4.0.202007081208/tools/bin/../lib/gcc/arm-none-eabi/7.3.1/thumb/v6-m/crtbegin.o
 *(.init)
 .init          0x0000000008008368        0x4 c:/st/stm32cubeide_1.3.0/stm32cubeide/plugins/com.st.stm32cube.ide.mcu.externaltools.gnu-tools-for-stm32.7-2018-q2-update.win32_1.4.0.202007081208/tools/bin/../lib/gcc/arm-none-eabi/7.3.1/thumb/v6-m/crti.o
                0x0000000008008368                _init
 .init          0x000000000800836c        0x8 c:/st/stm32cubeide_1.3.0/stm32cubeide/plugins/com.st.stm32cube.ide.mcu.externaltools.gnu-tools-for-stm32.7-2018-q2-update.win32_1.4.0.202007081208/tools/bin/../lib/gcc/arm-none-eabi/7.3.1/thumb/v6-m/crtn.o
 *(.fini)
 .fini          0x0000000008008374        0x4 c:/st/stm32cubeide_1.3.0/stm32cubeide/plugins/com.st.stm32cube.ide.mcu.externaltools.gnu-tools-for-stm32.7-2018-q2-update.win32_1.4.0.202007081208/tools/bin/../lib/gcc/arm-none-eabi/7.3.1/thumb/v6-m/crti.o
                0x0000000008008374                _fini
 .fini          0x0000000008008378        0x8 c:/st/stm32cubeide_1.3.0/stm32cubeide/plugins/com.st.stm32cube.ide.mcu.externaltools.gnu-tools-for-stm32.7-2018-q2-update.win32_1.4.0.202007081208/tools/bin/../lib/gcc/arm-none-eabi/7.3.1/thumb/v6-m/crtn.o
                0x0000000008008380                . = ALIGN (0x4)
                0x0000000008008380                _etext = .

.vfp11_veneer   0x0000000008008380        0x0
 .vfp11_veneer  0x0000000008008380        0x0 linker stubs

.v4_bx          0x0000000008008380        0x0
 .v4_bx         0x0000000008008380        0x0 linker stubs

.iplt           0x0000000008008380        0x0
 .iplt          0x0000000008008380        0x0 c:/st/stm32cubeide_1.3.0/stm32cubeide/plugins/com.st.stm32cube.ide.mcu.externaltools.gnu-tools-for-stm32.7-2018-q2-update.win32_1.4.0.202007081208/tools/bin/../lib/gcc/arm-none-eabi/7.3.1/thumb/v6-m/crtbegin.o

.rodata         0x0000000008008380      0x154
                0x0000000008008380                . = ALIGN (0x4)
 *(.rodata)
 .rodata        0x0000000008008380       0x46 USB_DEVICE/App/usbd_desc.o
 *(.rodata*)
 *fill*         0x00000000080083c6        0x2 
 .rodata.AHBPrescTable
                0x00000000080083c8       0x10 Core/Src/system_stm32l0xx.o
                0x00000000080083c8                AHBPrescTable
 .rodata.PLLMulTable
                0x00000000080083d8        0x9 Core/Src/system_stm32l0xx.o
                0x00000000080083d8                PLLMulTable
 *fill*         0x00000000080083e1        0x3 
 .rodata.USBD_StdDevReq
                0x00000000080083e4       0x28 Middlewares/ST/STM32_USB_Device_Library/Core/Src/usbd_ctlreq.o
 .rodata.USBD_GetDescriptor
                0x000000000800840c       0x38 Middlewares/ST/STM32_USB_Device_Library/Core/Src/usbd_ctlreq.o
 .rodata.CDC_Control_FS
                0x0000000008008444       0x90 USB_DEVICE/App/usbd_cdc_if.o
                0x00000000080084d4                . = ALIGN (0x4)

.rel.dyn        0x00000000080084d4        0x0
 .rel.iplt      0x00000000080084d4        0x0 c:/st/stm32cubeide_1.3.0/stm32cubeide/plugins/com.st.stm32cube.ide.mcu.externaltools.gnu-tools-for-stm32.7-2018-q2-update.win32_1.4.0.202007081208/tools/bin/../lib/gcc/arm-none-eabi/7.3.1/thumb/v6-m/crtbegin.o

.ARM.extab      0x00000000080084d4        0x0
                0x00000000080084d4                . = ALIGN (0x4)
 *(.ARM.extab* .gnu.linkonce.armextab.*)
                0x00000000080084d4                . = ALIGN (0x4)

.ARM            0x00000000080084d4        0x0
                0x00000000080084d4                . = ALIGN (0x4)
                0x00000000080084d4                __exidx_start = .
 *(.ARM.exidx*)
                0x00000000080084d4                __exidx_end = .
                0x00000000080084d4                . = ALIGN (0x4)

.preinit_array  0x00000000080084d4        0x0
                0x00000000080084d4                . = ALIGN (0x4)
                0x00000000080084d4                PROVIDE (__preinit_array_start = .)
 *(.preinit_array*)
                0x00000000080084d4                PROVIDE (__preinit_array_end = .)
                0x00000000080084d4                . = ALIGN (0x4)

.init_array     0x00000000080084d4        0x4
                0x00000000080084d4                . = ALIGN (0x4)
                0x00000000080084d4                PROVIDE (__init_array_start = .)
 *(SORT_BY_NAME(.init_array.*))
 *(.init_array*)
 .init_array    0x00000000080084d4        0x4 c:/st/stm32cubeide_1.3.0/stm32cubeide/plugins/com.st.stm32cube.ide.mcu.externaltools.gnu-tools-for-stm32.7-2018-q2-update.win32_1.4.0.202007081208/tools/bin/../lib/gcc/arm-none-eabi/7.3.1/thumb/v6-m/crtbegin.o
                0x00000000080084d8                PROVIDE (__init_array_end = .)
                0x00000000080084d8                . = ALIGN (0x4)

.fini_array     0x00000000080084d8        0x4
                0x00000000080084d8                . = ALIGN (0x4)
                [!provide]                        PROVIDE (__fini_array_start = .)
 *(SORT_BY_NAME(.fini_array.*))
 *(.fini_array*)
 .fini_array    0x00000000080084d8        0x4 c:/st/stm32cubeide_1.3.0/stm32cubeide/plugins/com.st.stm32cube.ide.mcu.externaltools.gnu-tools-for-stm32.7-2018-q2-update.win32_1.4.0.202007081208/tools/bin/../lib/gcc/arm-none-eabi/7.3.1/thumb/v6-m/crtbegin.o
                [!provide]                        PROVIDE (__fini_array_end = .)
                0x00000000080084dc                . = ALIGN (0x4)
                0x00000000080084dc                _sidata = LOADADDR (.data)

.data           0x0000000020000000      0x180 load address 0x00000000080084dc
                0x0000000020000000                . = ALIGN (0x4)
                0x0000000020000000                _sdata = .
 *(.data)
 *(.data*)
 .data.receivedData
                0x0000000020000000        0x4 Core/Src/main.o
                0x0000000020000000                receivedData
 .data.SystemCoreClock
                0x0000000020000004        0x4 Core/Src/system_stm32l0xx.o
                0x0000000020000004                SystemCoreClock
 .data.uwTickPrio
                0x0000000020000008        0x4 Drivers/STM32L0xx_HAL_Driver/Src/stm32l0xx_hal.o
                0x0000000020000008                uwTickPrio
 .data.uwTickFreq
                0x000000002000000c        0x1 Drivers/STM32L0xx_HAL_Driver/Src/stm32l0xx_hal.o
                0x000000002000000c                uwTickFreq
 *fill*         0x000000002000000d        0x3 
 .data.USBD_CDC_DeviceQualifierDesc
                0x0000000020000010        0xa Middlewares/ST/STM32_USB_Device_Library/Class/CDC/Src/usbd_cdc.o
 *fill*         0x000000002000001a        0x2 
 .data.USBD_CDC
                0x000000002000001c       0x38 Middlewares/ST/STM32_USB_Device_Library/Class/CDC/Src/usbd_cdc.o
                0x000000002000001c                USBD_CDC
 .data.USBD_CDC_CfgHSDesc
                0x0000000020000054       0x43 Middlewares/ST/STM32_USB_Device_Library/Class/CDC/Src/usbd_cdc.o
                0x0000000020000054                USBD_CDC_CfgHSDesc
 *fill*         0x0000000020000097        0x1 
 .data.USBD_CDC_CfgFSDesc
                0x0000000020000098       0x43 Middlewares/ST/STM32_USB_Device_Library/Class/CDC/Src/usbd_cdc.o
                0x0000000020000098                USBD_CDC_CfgFSDesc
 *fill*         0x00000000200000db        0x1 
 .data.USBD_CDC_OtherSpeedCfgDesc
                0x00000000200000dc       0x43 Middlewares/ST/STM32_USB_Device_Library/Class/CDC/Src/usbd_cdc.o
                0x00000000200000dc                USBD_CDC_OtherSpeedCfgDesc
 *fill*         0x000000002000011f        0x1 
 .data.USBD_Interface_fops_FS
                0x0000000020000120       0x10 USB_DEVICE/App/usbd_cdc_if.o
                0x0000000020000120                USBD_Interface_fops_FS
 .data.FS_Desc  0x0000000020000130       0x1c USB_DEVICE/App/usbd_desc.o
                0x0000000020000130                FS_Desc
 .data.USBD_FS_DeviceDesc
                0x000000002000014c       0x12 USB_DEVICE/App/usbd_desc.o
                0x000000002000014c                USBD_FS_DeviceDesc
 *fill*         0x000000002000015e        0x2 
 .data.USBD_LangIDDesc
                0x0000000020000160        0x4 USB_DEVICE/App/usbd_desc.o
                0x0000000020000160                USBD_LangIDDesc
 .data.USBD_StringSerial
                0x0000000020000164       0x1a USB_DEVICE/App/usbd_desc.o
                0x0000000020000164                USBD_StringSerial
                0x0000000020000180                . = ALIGN (0x4)
 *fill*         0x000000002000017e        0x2 
                0x0000000020000180                _edata = .

.igot.plt       0x0000000020000180        0x0 load address 0x000000000800865c
 .igot.plt      0x0000000020000180        0x0 c:/st/stm32cubeide_1.3.0/stm32cubeide/plugins/com.st.stm32cube.ide.mcu.externaltools.gnu-tools-for-stm32.7-2018-q2-update.win32_1.4.0.202007081208/tools/bin/../lib/gcc/arm-none-eabi/7.3.1/thumb/v6-m/crtbegin.o
                0x0000000020000180                . = ALIGN (0x4)

.bss            0x0000000020000180     0x1220 load address 0x000000000800865c
                0x0000000020000180                _sbss = .
                0x0000000020000180                __bss_start__ = _sbss
 *(.bss)
 .bss           0x0000000020000180       0x1c c:/st/stm32cubeide_1.3.0/stm32cubeide/plugins/com.st.stm32cube.ide.mcu.externaltools.gnu-tools-for-stm32.7-2018-q2-update.win32_1.4.0.202007081208/tools/bin/../lib/gcc/arm-none-eabi/7.3.1/thumb/v6-m/crtbegin.o
 *(.bss*)
 .bss.cfgidx.8072
                0x000000002000019c        0x1 Middlewares/ST/STM32_USB_Device_Library/Core/Src/usbd_ctlreq.o
 *fill*         0x000000002000019d        0x3 
 .bss.mem.8141  0x00000000200001a0      0x220 USB_DEVICE/Target/usbd_conf.o
 *(COMMON)
 COMMON         0x00000000200003c0       0x7c Core/Src/main.o
                0x00000000200003c0                Receiveflag
                0x00000000200003c4                htim22
                0x0000000020000400                htim2
 COMMON         0x000000002000043c        0x4 Drivers/STM32L0xx_HAL_Driver/Src/stm32l0xx_hal.o
                0x000000002000043c                uwTick
 COMMON         0x0000000020000440      0x29c USB_DEVICE/App/usb_device.o
                0x0000000020000440                hUsbDeviceFS
 COMMON         0x00000000200006dc      0x7d0 USB_DEVICE/App/usbd_cdc_if.o
                0x00000000200006dc                UserRxBufferFS
                0x0000000020000ac4                UserTxBufferFS
 COMMON         0x0000000020000eac      0x200 USB_DEVICE/App/usbd_desc.o
                0x0000000020000eac                USBD_StrDesc
 COMMON         0x00000000200010ac      0x2f4 USB_DEVICE/Target/usbd_conf.o
                0x00000000200010ac                hpcd_USB_FS
                0x00000000200013a0                . = ALIGN (0x4)
                0x00000000200013a0                _ebss = .
                0x00000000200013a0                __bss_end__ = _ebss

._user_heap_stack
                0x00000000200013a0      0x600 load address 0x000000000800865c
                0x00000000200013a0                . = ALIGN (0x8)
                [!provide]                        PROVIDE (end = .)
                0x00000000200013a0                PROVIDE (_end = .)
                0x00000000200015a0                . = (. + _Min_Heap_Size)
 *fill*         0x00000000200013a0      0x200 
                0x00000000200019a0                . = (. + _Min_Stack_Size)
 *fill*         0x00000000200015a0      0x400 
                0x00000000200019a0                . = ALIGN (0x8)

/DISCARD/
 libc.a(*)
 libm.a(*)
 libgcc.a(*)

.ARM.attributes
                0x0000000000000000       0x28
 *(.ARM.attributes)
 .ARM.attributes
                0x0000000000000000       0x1e c:/st/stm32cubeide_1.3.0/stm32cubeide/plugins/com.st.stm32cube.ide.mcu.externaltools.gnu-tools-for-stm32.7-2018-q2-update.win32_1.4.0.202007081208/tools/bin/../lib/gcc/arm-none-eabi/7.3.1/thumb/v6-m/crti.o
 .ARM.attributes
                0x000000000000001e       0x2c c:/st/stm32cubeide_1.3.0/stm32cubeide/plugins/com.st.stm32cube.ide.mcu.externaltools.gnu-tools-for-stm32.7-2018-q2-update.win32_1.4.0.202007081208/tools/bin/../lib/gcc/arm-none-eabi/7.3.1/thumb/v6-m/crtbegin.o
 .ARM.attributes
                0x000000000000004a       0x32 Core/Src/main.o
 .ARM.attributes
                0x000000000000007c       0x32 Core/Src/stm32l0xx_hal_msp.o
 .ARM.attributes
                0x00000000000000ae       0x32 Core/Src/stm32l0xx_it.o
 .ARM.attributes
                0x00000000000000e0       0x32 Core/Src/system_stm32l0xx.o
 .ARM.attributes
                0x0000000000000112       0x22 Core/Startup/startup_stm32l053c8tx.o
 .ARM.attributes
                0x0000000000000134       0x32 Drivers/STM32L0xx_HAL_Driver/Src/stm32l0xx_hal.o
 .ARM.attributes
                0x0000000000000166       0x32 Drivers/STM32L0xx_HAL_Driver/Src/stm32l0xx_hal_cortex.o
 .ARM.attributes
                0x0000000000000198       0x32 Drivers/STM32L0xx_HAL_Driver/Src/stm32l0xx_hal_gpio.o
 .ARM.attributes
                0x00000000000001ca       0x32 Drivers/STM32L0xx_HAL_Driver/Src/stm32l0xx_hal_pcd.o
 .ARM.attributes
                0x00000000000001fc       0x32 Drivers/STM32L0xx_HAL_Driver/Src/stm32l0xx_hal_pcd_ex.o
 .ARM.attributes
                0x000000000000022e       0x32 Drivers/STM32L0xx_HAL_Driver/Src/stm32l0xx_hal_rcc.o
 .ARM.attributes
                0x0000000000000260       0x32 Drivers/STM32L0xx_HAL_Driver/Src/stm32l0xx_hal_rcc_ex.o
 .ARM.attributes
                0x0000000000000292       0x32 Drivers/STM32L0xx_HAL_Driver/Src/stm32l0xx_hal_tim.o
 .ARM.attributes
                0x00000000000002c4       0x32 Drivers/STM32L0xx_HAL_Driver/Src/stm32l0xx_hal_tim_ex.o
 .ARM.attributes
                0x00000000000002f6       0x32 Drivers/STM32L0xx_HAL_Driver/Src/stm32l0xx_ll_usb.o
 .ARM.attributes
                0x0000000000000328       0x32 Middlewares/ST/STM32_USB_Device_Library/Class/CDC/Src/usbd_cdc.o
 .ARM.attributes
                0x000000000000035a       0x32 Middlewares/ST/STM32_USB_Device_Library/Core/Src/usbd_core.o
 .ARM.attributes
                0x000000000000038c       0x32 Middlewares/ST/STM32_USB_Device_Library/Core/Src/usbd_ctlreq.o
 .ARM.attributes
                0x00000000000003be       0x32 Middlewares/ST/STM32_USB_Device_Library/Core/Src/usbd_ioreq.o
 .ARM.attributes
                0x00000000000003f0       0x32 USB_DEVICE/App/usb_device.o
 .ARM.attributes
                0x0000000000000422       0x32 USB_DEVICE/App/usbd_cdc_if.o
 .ARM.attributes
                0x0000000000000454       0x32 USB_DEVICE/App/usbd_desc.o
 .ARM.attributes
                0x0000000000000486       0x32 USB_DEVICE/Target/usbd_conf.o
 .ARM.attributes
                0x00000000000004b8       0x2c c:/st/stm32cubeide_1.3.0/stm32cubeide/plugins/com.st.stm32cube.ide.mcu.externaltools.gnu-tools-for-stm32.7-2018-q2-update.win32_1.4.0.202007081208/tools/bin/../lib/gcc/arm-none-eabi/7.3.1/../../../../arm-none-eabi/lib/thumb/v6-m\libc_nano.a(lib_a-init.o)
 .ARM.attributes
                0x00000000000004e4       0x2c c:/st/stm32cubeide_1.3.0/stm32cubeide/plugins/com.st.stm32cube.ide.mcu.externaltools.gnu-tools-for-stm32.7-2018-q2-update.win32_1.4.0.202007081208/tools/bin/../lib/gcc/arm-none-eabi/7.3.1/../../../../arm-none-eabi/lib/thumb/v6-m\libc_nano.a(lib_a-memset.o)
 .ARM.attributes
                0x0000000000000510       0x1e c:/st/stm32cubeide_1.3.0/stm32cubeide/plugins/com.st.stm32cube.ide.mcu.externaltools.gnu-tools-for-stm32.7-2018-q2-update.win32_1.4.0.202007081208/tools/bin/../lib/gcc/arm-none-eabi/7.3.1/thumb/v6-m\libgcc.a(_udivsi3.o)
 .ARM.attributes
                0x000000000000052e       0x1e c:/st/stm32cubeide_1.3.0/stm32cubeide/plugins/com.st.stm32cube.ide.mcu.externaltools.gnu-tools-for-stm32.7-2018-q2-update.win32_1.4.0.202007081208/tools/bin/../lib/gcc/arm-none-eabi/7.3.1/thumb/v6-m\libgcc.a(_dvmd_tls.o)
 .ARM.attributes
                0x000000000000054c       0x1e c:/st/stm32cubeide_1.3.0/stm32cubeide/plugins/com.st.stm32cube.ide.mcu.externaltools.gnu-tools-for-stm32.7-2018-q2-update.win32_1.4.0.202007081208/tools/bin/../lib/gcc/arm-none-eabi/7.3.1/thumb/v6-m/crtn.o
OUTPUT(Semestro_projektas.elf elf32-littlearm)

.debug_info     0x0000000000000000    0x14603
 .debug_info    0x0000000000000000     0x1969 Core/Src/main.o
 .debug_info    0x0000000000001969      0x8dc Core/Src/stm32l0xx_hal_msp.o
 .debug_info    0x0000000000002245      0x69f Core/Src/stm32l0xx_it.o
 .debug_info    0x00000000000028e4      0x3d9 Core/Src/system_stm32l0xx.o
 .debug_info    0x0000000000002cbd       0x22 Core/Startup/startup_stm32l053c8tx.o
 .debug_info    0x0000000000002cdf      0x874 Drivers/STM32L0xx_HAL_Driver/Src/stm32l0xx_hal.o
 .debug_info    0x0000000000003553      0x916 Drivers/STM32L0xx_HAL_Driver/Src/stm32l0xx_hal_cortex.o
 .debug_info    0x0000000000003e69      0x71d Drivers/STM32L0xx_HAL_Driver/Src/stm32l0xx_hal_gpio.o
 .debug_info    0x0000000000004586     0x11be Drivers/STM32L0xx_HAL_Driver/Src/stm32l0xx_hal_pcd.o
 .debug_info    0x0000000000005744      0x8b7 Drivers/STM32L0xx_HAL_Driver/Src/stm32l0xx_hal_pcd_ex.o
 .debug_info    0x0000000000005ffb      0x99d Drivers/STM32L0xx_HAL_Driver/Src/stm32l0xx_hal_rcc.o
 .debug_info    0x0000000000006998      0x85b Drivers/STM32L0xx_HAL_Driver/Src/stm32l0xx_hal_rcc_ex.o
 .debug_info    0x00000000000071f3     0x2408 Drivers/STM32L0xx_HAL_Driver/Src/stm32l0xx_hal_tim.o
 .debug_info    0x00000000000095fb      0x6d2 Drivers/STM32L0xx_HAL_Driver/Src/stm32l0xx_hal_tim_ex.o
 .debug_info    0x0000000000009ccd     0x164d Drivers/STM32L0xx_HAL_Driver/Src/stm32l0xx_ll_usb.o
 .debug_info    0x000000000000b31a     0x17f3 Middlewares/ST/STM32_USB_Device_Library/Class/CDC/Src/usbd_cdc.o
 .debug_info    0x000000000000cb0d     0x11ce Middlewares/ST/STM32_USB_Device_Library/Core/Src/usbd_core.o
 .debug_info    0x000000000000dcdb     0x112f Middlewares/ST/STM32_USB_Device_Library/Core/Src/usbd_ctlreq.o
 .debug_info    0x000000000000ee0a      0xf2f Middlewares/ST/STM32_USB_Device_Library/Core/Src/usbd_ioreq.o
 .debug_info    0x000000000000fd39      0xe77 USB_DEVICE/App/usb_device.o
 .debug_info    0x0000000000010bb0     0x1067 USB_DEVICE/App/usbd_cdc_if.o
 .debug_info    0x0000000000011c17      0xd13 USB_DEVICE/App/usbd_desc.o
 .debug_info    0x000000000001292a     0x1cd9 USB_DEVICE/Target/usbd_conf.o

.debug_abbrev   0x0000000000000000     0x2ede
 .debug_abbrev  0x0000000000000000      0x299 Core/Src/main.o
 .debug_abbrev  0x0000000000000299      0x1a6 Core/Src/stm32l0xx_hal_msp.o
 .debug_abbrev  0x000000000000043f      0x155 Core/Src/stm32l0xx_it.o
 .debug_abbrev  0x0000000000000594      0x12b Core/Src/system_stm32l0xx.o
 .debug_abbrev  0x00000000000006bf       0x12 Core/Startup/startup_stm32l053c8tx.o
 .debug_abbrev  0x00000000000006d1      0x235 Drivers/STM32L0xx_HAL_Driver/Src/stm32l0xx_hal.o
 .debug_abbrev  0x0000000000000906      0x261 Drivers/STM32L0xx_HAL_Driver/Src/stm32l0xx_hal_cortex.o
 .debug_abbrev  0x0000000000000b67      0x1c0 Drivers/STM32L0xx_HAL_Driver/Src/stm32l0xx_hal_gpio.o
 .debug_abbrev  0x0000000000000d27      0x268 Drivers/STM32L0xx_HAL_Driver/Src/stm32l0xx_hal_pcd.o
 .debug_abbrev  0x0000000000000f8f      0x1eb Drivers/STM32L0xx_HAL_Driver/Src/stm32l0xx_hal_pcd_ex.o
 .debug_abbrev  0x000000000000117a      0x21a Drivers/STM32L0xx_HAL_Driver/Src/stm32l0xx_hal_rcc.o
 .debug_abbrev  0x0000000000001394      0x1ea Drivers/STM32L0xx_HAL_Driver/Src/stm32l0xx_hal_rcc_ex.o
 .debug_abbrev  0x000000000000157e      0x22e Drivers/STM32L0xx_HAL_Driver/Src/stm32l0xx_hal_tim.o
 .debug_abbrev  0x00000000000017ac      0x18d Drivers/STM32L0xx_HAL_Driver/Src/stm32l0xx_hal_tim_ex.o
 .debug_abbrev  0x0000000000001939      0x22a Drivers/STM32L0xx_HAL_Driver/Src/stm32l0xx_ll_usb.o
 .debug_abbrev  0x0000000000001b63      0x2b6 Middlewares/ST/STM32_USB_Device_Library/Class/CDC/Src/usbd_cdc.o
 .debug_abbrev  0x0000000000001e19      0x270 Middlewares/ST/STM32_USB_Device_Library/Core/Src/usbd_core.o
 .debug_abbrev  0x0000000000002089      0x2a0 Middlewares/ST/STM32_USB_Device_Library/Core/Src/usbd_ctlreq.o
 .debug_abbrev  0x0000000000002329      0x1e0 Middlewares/ST/STM32_USB_Device_Library/Core/Src/usbd_ioreq.o
 .debug_abbrev  0x0000000000002509      0x1be USB_DEVICE/App/usb_device.o
 .debug_abbrev  0x00000000000026c7      0x29f USB_DEVICE/App/usbd_cdc_if.o
 .debug_abbrev  0x0000000000002966      0x290 USB_DEVICE/App/usbd_desc.o
 .debug_abbrev  0x0000000000002bf6      0x2e8 USB_DEVICE/Target/usbd_conf.o

.debug_aranges  0x0000000000000000      0xe98
 .debug_aranges
                0x0000000000000000       0x50 Core/Src/main.o
 .debug_aranges
                0x0000000000000050       0x38 Core/Src/stm32l0xx_hal_msp.o
 .debug_aranges
                0x0000000000000088       0x48 Core/Src/stm32l0xx_it.o
 .debug_aranges
                0x00000000000000d0       0x28 Core/Src/system_stm32l0xx.o
 .debug_aranges
                0x00000000000000f8       0x28 Core/Startup/startup_stm32l053c8tx.o
 .debug_aranges
                0x0000000000000120      0x110 Drivers/STM32L0xx_HAL_Driver/Src/stm32l0xx_hal.o
 .debug_aranges
                0x0000000000000230       0xd8 Drivers/STM32L0xx_HAL_Driver/Src/stm32l0xx_hal_cortex.o
 .debug_aranges
                0x0000000000000308       0x58 Drivers/STM32L0xx_HAL_Driver/Src/stm32l0xx_hal_gpio.o
 .debug_aranges
                0x0000000000000360      0x130 Drivers/STM32L0xx_HAL_Driver/Src/stm32l0xx_hal_pcd.o
 .debug_aranges
                0x0000000000000490       0x58 Drivers/STM32L0xx_HAL_Driver/Src/stm32l0xx_hal_pcd_ex.o
 .debug_aranges
                0x00000000000004e8       0x80 Drivers/STM32L0xx_HAL_Driver/Src/stm32l0xx_hal_rcc.o
 .debug_aranges
                0x0000000000000568       0xb0 Drivers/STM32L0xx_HAL_Driver/Src/stm32l0xx_hal_rcc_ex.o
 .debug_aranges
                0x0000000000000618      0x3a8 Drivers/STM32L0xx_HAL_Driver/Src/stm32l0xx_hal_tim.o
 .debug_aranges
                0x00000000000009c0       0x28 Drivers/STM32L0xx_HAL_Driver/Src/stm32l0xx_hal_tim_ex.o
 .debug_aranges
                0x00000000000009e8       0xb0 Drivers/STM32L0xx_HAL_Driver/Src/stm32l0xx_ll_usb.o
 .debug_aranges
                0x0000000000000a98       0x90 Middlewares/ST/STM32_USB_Device_Library/Class/CDC/Src/usbd_cdc.o
 .debug_aranges
                0x0000000000000b28       0xb8 Middlewares/ST/STM32_USB_Device_Library/Core/Src/usbd_core.o
 .debug_aranges
                0x0000000000000be0       0x88 Middlewares/ST/STM32_USB_Device_Library/Core/Src/usbd_ctlreq.o
 .debug_aranges
                0x0000000000000c68       0x50 Middlewares/ST/STM32_USB_Device_Library/Core/Src/usbd_ioreq.o
 .debug_aranges
                0x0000000000000cb8       0x20 USB_DEVICE/App/usb_device.o
 .debug_aranges
                0x0000000000000cd8       0x48 USB_DEVICE/App/usbd_cdc_if.o
 .debug_aranges
                0x0000000000000d20       0x60 USB_DEVICE/App/usbd_desc.o
 .debug_aranges
                0x0000000000000d80      0x118 USB_DEVICE/Target/usbd_conf.o

.debug_ranges   0x0000000000000000      0xd30
 .debug_ranges  0x0000000000000000       0x40 Core/Src/main.o
 .debug_ranges  0x0000000000000040       0x28 Core/Src/stm32l0xx_hal_msp.o
 .debug_ranges  0x0000000000000068       0x38 Core/Src/stm32l0xx_it.o
 .debug_ranges  0x00000000000000a0       0x18 Core/Src/system_stm32l0xx.o
 .debug_ranges  0x00000000000000b8       0x20 Core/Startup/startup_stm32l053c8tx.o
 .debug_ranges  0x00000000000000d8      0x100 Drivers/STM32L0xx_HAL_Driver/Src/stm32l0xx_hal.o
 .debug_ranges  0x00000000000001d8       0xc8 Drivers/STM32L0xx_HAL_Driver/Src/stm32l0xx_hal_cortex.o
 .debug_ranges  0x00000000000002a0       0x48 Drivers/STM32L0xx_HAL_Driver/Src/stm32l0xx_hal_gpio.o
 .debug_ranges  0x00000000000002e8      0x120 Drivers/STM32L0xx_HAL_Driver/Src/stm32l0xx_hal_pcd.o
 .debug_ranges  0x0000000000000408       0x48 Drivers/STM32L0xx_HAL_Driver/Src/stm32l0xx_hal_pcd_ex.o
 .debug_ranges  0x0000000000000450       0x70 Drivers/STM32L0xx_HAL_Driver/Src/stm32l0xx_hal_rcc.o
 .debug_ranges  0x00000000000004c0       0xa0 Drivers/STM32L0xx_HAL_Driver/Src/stm32l0xx_hal_rcc_ex.o
 .debug_ranges  0x0000000000000560      0x398 Drivers/STM32L0xx_HAL_Driver/Src/stm32l0xx_hal_tim.o
 .debug_ranges  0x00000000000008f8       0x18 Drivers/STM32L0xx_HAL_Driver/Src/stm32l0xx_hal_tim_ex.o
 .debug_ranges  0x0000000000000910       0xa0 Drivers/STM32L0xx_HAL_Driver/Src/stm32l0xx_ll_usb.o
 .debug_ranges  0x00000000000009b0       0x80 Middlewares/ST/STM32_USB_Device_Library/Class/CDC/Src/usbd_cdc.o
 .debug_ranges  0x0000000000000a30       0xa8 Middlewares/ST/STM32_USB_Device_Library/Core/Src/usbd_core.o
 .debug_ranges  0x0000000000000ad8       0x78 Middlewares/ST/STM32_USB_Device_Library/Core/Src/usbd_ctlreq.o
 .debug_ranges  0x0000000000000b50       0x40 Middlewares/ST/STM32_USB_Device_Library/Core/Src/usbd_ioreq.o
 .debug_ranges  0x0000000000000b90       0x10 USB_DEVICE/App/usb_device.o
 .debug_ranges  0x0000000000000ba0       0x38 USB_DEVICE/App/usbd_cdc_if.o
 .debug_ranges  0x0000000000000bd8       0x50 USB_DEVICE/App/usbd_desc.o
 .debug_ranges  0x0000000000000c28      0x108 USB_DEVICE/Target/usbd_conf.o

.debug_macro    0x0000000000000000    0x1644f
 .debug_macro   0x0000000000000000      0x416 Core/Src/main.o
 .debug_macro   0x0000000000000416      0xa48 Core/Src/main.o
 .debug_macro   0x0000000000000e5e      0x11f Core/Src/main.o
 .debug_macro   0x0000000000000f7d       0x2e Core/Src/main.o
 .debug_macro   0x0000000000000fab       0x28 Core/Src/main.o
 .debug_macro   0x0000000000000fd3       0x22 Core/Src/main.o
 .debug_macro   0x0000000000000ff5       0x8e Core/Src/main.o
 .debug_macro   0x0000000000001083       0x51 Core/Src/main.o
 .debug_macro   0x00000000000010d4       0xef Core/Src/main.o
 .debug_macro   0x00000000000011c3       0x6a Core/Src/main.o
 .debug_macro   0x000000000000122d      0x1df Core/Src/main.o
 .debug_macro   0x000000000000140c       0x34 Core/Src/main.o
 .debug_macro   0x0000000000001440       0x26 Core/Src/main.o
 .debug_macro   0x0000000000001466      0x44f Core/Src/main.o
 .debug_macro   0x00000000000018b5     0x9d0d Core/Src/main.o
 .debug_macro   0x000000000000b5c2       0x3c Core/Src/main.o
 .debug_macro   0x000000000000b5fe     0x352c Core/Src/main.o
 .debug_macro   0x000000000000eb2a      0x174 Core/Src/main.o
 .debug_macro   0x000000000000ec9e       0x5b Core/Src/main.o
 .debug_macro   0x000000000000ecf9      0x8d6 Core/Src/main.o
 .debug_macro   0x000000000000f5cf      0x9d2 Core/Src/main.o
 .debug_macro   0x000000000000ffa1      0x13f Core/Src/main.o
 .debug_macro   0x00000000000100e0      0x17d Core/Src/main.o
 .debug_macro   0x000000000001025d      0x28e Core/Src/main.o
 .debug_macro   0x00000000000104eb      0x1e9 Core/Src/main.o
 .debug_macro   0x00000000000106d4      0x129 Core/Src/main.o
 .debug_macro   0x00000000000107fd      0x2b4 Core/Src/main.o
 .debug_macro   0x0000000000010ab1      0x22c Core/Src/main.o
 .debug_macro   0x0000000000010cdd       0x5b Core/Src/main.o
 .debug_macro   0x0000000000010d38       0xa5 Core/Src/main.o
 .debug_macro   0x0000000000010ddd      0x187 Core/Src/main.o
 .debug_macro   0x0000000000010f64       0x16 Core/Src/main.o
 .debug_macro   0x0000000000010f7a      0x734 Core/Src/main.o
 .debug_macro   0x00000000000116ae       0xcc Core/Src/main.o
 .debug_macro   0x000000000001177a       0x65 Core/Src/main.o
 .debug_macro   0x00000000000117df      0x234 Core/Src/main.o
 .debug_macro   0x0000000000011a13      0x16c Core/Src/main.o
 .debug_macro   0x0000000000011b7f       0x46 Core/Src/main.o
 .debug_macro   0x0000000000011bc5       0x18 Core/Src/main.o
 .debug_macro   0x0000000000011bdd       0x3c Core/Src/main.o
 .debug_macro   0x0000000000011c19       0x34 Core/Src/main.o
 .debug_macro   0x0000000000011c4d       0x16 Core/Src/main.o
 .debug_macro   0x0000000000011c63       0x35 Core/Src/main.o
 .debug_macro   0x0000000000011c98      0x330 Core/Src/main.o
 .debug_macro   0x0000000000011fc8       0x10 Core/Src/main.o
 .debug_macro   0x0000000000011fd8       0x52 Core/Src/main.o
 .debug_macro   0x000000000001202a       0x1f Core/Src/main.o
 .debug_macro   0x0000000000012049       0x43 Core/Src/main.o
 .debug_macro   0x000000000001208c       0x20 Core/Src/main.o
 .debug_macro   0x00000000000120ac      0x1a3 Core/Src/main.o
 .debug_macro   0x000000000001224f       0x10 Core/Src/main.o
 .debug_macro   0x000000000001225f       0x1c Core/Src/main.o
 .debug_macro   0x000000000001227b       0x52 Core/Src/main.o
 .debug_macro   0x00000000000122cd       0x40 Core/Src/main.o
 .debug_macro   0x000000000001230d       0x10 Core/Src/main.o
 .debug_macro   0x000000000001231d       0x40 Core/Src/main.o
 .debug_macro   0x000000000001235d       0xd7 Core/Src/main.o
 .debug_macro   0x0000000000012434       0x1c Core/Src/main.o
 .debug_macro   0x0000000000012450       0x3d Core/Src/main.o
 .debug_macro   0x000000000001248d       0x16 Core/Src/main.o
 .debug_macro   0x00000000000124a3      0x145 Core/Src/main.o
 .debug_macro   0x00000000000125e8       0x16 Core/Src/main.o
 .debug_macro   0x00000000000125fe       0x16 Core/Src/main.o
 .debug_macro   0x0000000000012614       0x29 Core/Src/main.o
 .debug_macro   0x000000000001263d       0x16 Core/Src/main.o
 .debug_macro   0x0000000000012653       0x20 Core/Src/main.o
 .debug_macro   0x0000000000012673       0x59 Core/Src/main.o
 .debug_macro   0x00000000000126cc      0x1d6 Core/Src/main.o
 .debug_macro   0x00000000000128a2       0x8f Core/Src/main.o
 .debug_macro   0x0000000000012931       0x10 Core/Src/main.o
 .debug_macro   0x0000000000012941      0x1d2 Core/Src/stm32l0xx_hal_msp.o
 .debug_macro   0x0000000000012b13      0x1dc Core/Src/stm32l0xx_it.o
 .debug_macro   0x0000000000012cef      0x1ce Core/Src/system_stm32l0xx.o
 .debug_macro   0x0000000000012ebd      0x1ec Drivers/STM32L0xx_HAL_Driver/Src/stm32l0xx_hal.o
 .debug_macro   0x00000000000130a9      0x1c8 Drivers/STM32L0xx_HAL_Driver/Src/stm32l0xx_hal_cortex.o
 .debug_macro   0x0000000000013271      0x200 Drivers/STM32L0xx_HAL_Driver/Src/stm32l0xx_hal_gpio.o
 .debug_macro   0x0000000000013471      0x1d4 Drivers/STM32L0xx_HAL_Driver/Src/stm32l0xx_hal_pcd.o
 .debug_macro   0x0000000000013645      0x1c8 Drivers/STM32L0xx_HAL_Driver/Src/stm32l0xx_hal_pcd_ex.o
 .debug_macro   0x000000000001380d      0x1ec Drivers/STM32L0xx_HAL_Driver/Src/stm32l0xx_hal_rcc.o
 .debug_macro   0x00000000000139f9      0x1c8 Drivers/STM32L0xx_HAL_Driver/Src/stm32l0xx_hal_rcc_ex.o
 .debug_macro   0x0000000000013bc1      0x1c9 Drivers/STM32L0xx_HAL_Driver/Src/stm32l0xx_hal_tim.o
 .debug_macro   0x0000000000013d8a      0x1c8 Drivers/STM32L0xx_HAL_Driver/Src/stm32l0xx_hal_tim_ex.o
 .debug_macro   0x0000000000013f52      0x1c8 Drivers/STM32L0xx_HAL_Driver/Src/stm32l0xx_ll_usb.o
 .debug_macro   0x000000000001411a      0x3df Middlewares/ST/STM32_USB_Device_Library/Class/CDC/Src/usbd_cdc.o
 .debug_macro   0x00000000000144f9       0x97 Middlewares/ST/STM32_USB_Device_Library/Class/CDC/Src/usbd_cdc.o
 .debug_macro   0x0000000000014590       0xfd Middlewares/ST/STM32_USB_Device_Library/Class/CDC/Src/usbd_cdc.o
 .debug_macro   0x000000000001468d       0x55 Middlewares/ST/STM32_USB_Device_Library/Class/CDC/Src/usbd_cdc.o
 .debug_macro   0x00000000000146e2      0x3c6 Middlewares/ST/STM32_USB_Device_Library/Core/Src/usbd_core.o
 .debug_macro   0x0000000000014aa8      0x1dc Middlewares/ST/STM32_USB_Device_Library/Core/Src/usbd_core.o
 .debug_macro   0x0000000000014c84      0x3d0 Middlewares/ST/STM32_USB_Device_Library/Core/Src/usbd_ctlreq.o
 .debug_macro   0x0000000000015054      0x3cc Middlewares/ST/STM32_USB_Device_Library/Core/Src/usbd_ioreq.o
 .debug_macro   0x0000000000015420      0x405 USB_DEVICE/App/usb_device.o
 .debug_macro   0x0000000000015825       0x22 USB_DEVICE/App/usb_device.o
 .debug_macro   0x0000000000015847       0x16 USB_DEVICE/App/usb_device.o
 .debug_macro   0x000000000001585d      0x3ea USB_DEVICE/App/usbd_cdc_if.o
 .debug_macro   0x0000000000015c47      0x403 USB_DEVICE/App/usbd_desc.o
 .debug_macro   0x000000000001604a       0x1c USB_DEVICE/App/usbd_desc.o
 .debug_macro   0x0000000000016066      0x3e9 USB_DEVICE/Target/usbd_conf.o

.debug_line     0x0000000000000000     0xe7dd
 .debug_line    0x0000000000000000      0xb11 Core/Src/main.o
 .debug_line    0x0000000000000b11      0x73b Core/Src/stm32l0xx_hal_msp.o
 .debug_line    0x000000000000124c      0x746 Core/Src/stm32l0xx_it.o
 .debug_line    0x0000000000001992      0x70f Core/Src/system_stm32l0xx.o
 .debug_line    0x00000000000020a1       0x8a Core/Startup/startup_stm32l053c8tx.o
 .debug_line    0x000000000000212b      0x92b Drivers/STM32L0xx_HAL_Driver/Src/stm32l0xx_hal.o
 .debug_line    0x0000000000002a56      0x919 Drivers/STM32L0xx_HAL_Driver/Src/stm32l0xx_hal_cortex.o
 .debug_line    0x000000000000336f      0x86d Drivers/STM32L0xx_HAL_Driver/Src/stm32l0xx_hal_gpio.o
 .debug_line    0x0000000000003bdc      0xcba Drivers/STM32L0xx_HAL_Driver/Src/stm32l0xx_hal_pcd.o
 .debug_line    0x0000000000004896      0x7a7 Drivers/STM32L0xx_HAL_Driver/Src/stm32l0xx_hal_pcd_ex.o
 .debug_line    0x000000000000503d      0x99c Drivers/STM32L0xx_HAL_Driver/Src/stm32l0xx_hal_rcc.o
 .debug_line    0x00000000000059d9      0x9f2 Drivers/STM32L0xx_HAL_Driver/Src/stm32l0xx_hal_rcc_ex.o
 .debug_line    0x00000000000063cb     0x16d6 Drivers/STM32L0xx_HAL_Driver/Src/stm32l0xx_hal_tim.o
 .debug_line    0x0000000000007aa1      0x767 Drivers/STM32L0xx_HAL_Driver/Src/stm32l0xx_hal_tim_ex.o
 .debug_line    0x0000000000008208      0xcb2 Drivers/STM32L0xx_HAL_Driver/Src/stm32l0xx_ll_usb.o
 .debug_line    0x0000000000008eba      0xb97 Middlewares/ST/STM32_USB_Device_Library/Class/CDC/Src/usbd_cdc.o
 .debug_line    0x0000000000009a51      0xbd1 Middlewares/ST/STM32_USB_Device_Library/Core/Src/usbd_core.o
 .debug_line    0x000000000000a622      0xc35 Middlewares/ST/STM32_USB_Device_Library/Core/Src/usbd_ctlreq.o
 .debug_line    0x000000000000b257      0xa3b Middlewares/ST/STM32_USB_Device_Library/Core/Src/usbd_ioreq.o
 .debug_line    0x000000000000bc92      0xa1d USB_DEVICE/App/usb_device.o
 .debug_line    0x000000000000c6af      0xa60 USB_DEVICE/App/usbd_cdc_if.o
 .debug_line    0x000000000000d10f      0xa6f USB_DEVICE/App/usbd_desc.o
 .debug_line    0x000000000000db7e      0xc5f USB_DEVICE/Target/usbd_conf.o

.debug_str      0x0000000000000000    0x7cacd
 .debug_str     0x0000000000000000    0x795ae Core/Src/main.o
                                      0x79a81 (size before relaxing)
 .debug_str     0x00000000000795ae       0x7b Core/Src/stm32l0xx_hal_msp.o
                                      0x7430c (size before relaxing)
 .debug_str     0x0000000000079629      0x3b3 Core/Src/stm32l0xx_it.o
                                      0x741f0 (size before relaxing)
 .debug_str     0x00000000000799dc       0x9c Core/Src/system_stm32l0xx.o
                                      0x73ef1 (size before relaxing)
 .debug_str     0x0000000000079a78       0x36 Core/Startup/startup_stm32l053c8tx.o
                                         0x7c (size before relaxing)
 .debug_str     0x0000000000079aae      0x55e Drivers/STM32L0xx_HAL_Driver/Src/stm32l0xx_hal.o
                                      0x74532 (size before relaxing)
 .debug_str     0x000000000007a00c      0x29d Drivers/STM32L0xx_HAL_Driver/Src/stm32l0xx_hal_cortex.o
                                      0x74333 (size before relaxing)
 .debug_str     0x000000000007a2a9      0x247 Drivers/STM32L0xx_HAL_Driver/Src/stm32l0xx_hal_gpio.o
                                      0x741a1 (size before relaxing)
 .debug_str     0x000000000007a4f0      0x3d8 Drivers/STM32L0xx_HAL_Driver/Src/stm32l0xx_hal_pcd.o
                                      0x745b6 (size before relaxing)
 .debug_str     0x000000000007a8c8      0x1c6 Drivers/STM32L0xx_HAL_Driver/Src/stm32l0xx_hal_pcd_ex.o
                                      0x7438e (size before relaxing)
 .debug_str     0x000000000007aa8e      0x279 Drivers/STM32L0xx_HAL_Driver/Src/stm32l0xx_hal_rcc.o
                                      0x7435e (size before relaxing)
 .debug_str     0x000000000007ad07      0x35a Drivers/STM32L0xx_HAL_Driver/Src/stm32l0xx_hal_rcc_ex.o
                                      0x7437a (size before relaxing)
 .debug_str     0x000000000007b061      0xca5 Drivers/STM32L0xx_HAL_Driver/Src/stm32l0xx_hal_tim.o
                                      0x74ff4 (size before relaxing)
 .debug_str     0x000000000007bd06       0x7d Drivers/STM32L0xx_HAL_Driver/Src/stm32l0xx_hal_tim_ex.o
                                      0x7427f (size before relaxing)
 .debug_str     0x000000000007bd83      0x1f0 Drivers/STM32L0xx_HAL_Driver/Src/stm32l0xx_ll_usb.o
                                      0x74275 (size before relaxing)
 .debug_str     0x000000000007bf73      0x280 Middlewares/ST/STM32_USB_Device_Library/Class/CDC/Src/usbd_cdc.o
                                      0x79690 (size before relaxing)
 .debug_str     0x000000000007c1f3      0x1bc Middlewares/ST/STM32_USB_Device_Library/Core/Src/usbd_core.o
                                      0x78f48 (size before relaxing)
 .debug_str     0x000000000007c3af      0x134 Middlewares/ST/STM32_USB_Device_Library/Core/Src/usbd_ctlreq.o
                                      0x78ece (size before relaxing)
 .debug_str     0x000000000007c4e3       0xc9 Middlewares/ST/STM32_USB_Device_Library/Core/Src/usbd_ioreq.o
                                      0x78e56 (size before relaxing)
 .debug_str     0x000000000007c5ac       0xc2 USB_DEVICE/App/usb_device.o
                                      0x791bb (size before relaxing)
 .debug_str     0x000000000007c66e       0x9a USB_DEVICE/App/usbd_cdc_if.o
                                      0x79209 (size before relaxing)
 .debug_str     0x000000000007c708      0x258 USB_DEVICE/App/usbd_desc.o
                                      0x78dc1 (size before relaxing)
 .debug_str     0x000000000007c960      0x16d USB_DEVICE/Target/usbd_conf.o
                                      0x7998f (size before relaxing)

.comment        0x0000000000000000       0x7b
 .comment       0x0000000000000000       0x7b Core/Src/main.o
                                         0x7c (size before relaxing)
 .comment       0x000000000000007b       0x7c Core/Src/stm32l0xx_hal_msp.o
 .comment       0x000000000000007b       0x7c Core/Src/stm32l0xx_it.o
 .comment       0x000000000000007b       0x7c Core/Src/system_stm32l0xx.o
 .comment       0x000000000000007b       0x7c Drivers/STM32L0xx_HAL_Driver/Src/stm32l0xx_hal.o
 .comment       0x000000000000007b       0x7c Drivers/STM32L0xx_HAL_Driver/Src/stm32l0xx_hal_cortex.o
 .comment       0x000000000000007b       0x7c Drivers/STM32L0xx_HAL_Driver/Src/stm32l0xx_hal_gpio.o
 .comment       0x000000000000007b       0x7c Drivers/STM32L0xx_HAL_Driver/Src/stm32l0xx_hal_pcd.o
 .comment       0x000000000000007b       0x7c Drivers/STM32L0xx_HAL_Driver/Src/stm32l0xx_hal_pcd_ex.o
 .comment       0x000000000000007b       0x7c Drivers/STM32L0xx_HAL_Driver/Src/stm32l0xx_hal_rcc.o
 .comment       0x000000000000007b       0x7c Drivers/STM32L0xx_HAL_Driver/Src/stm32l0xx_hal_rcc_ex.o
 .comment       0x000000000000007b       0x7c Drivers/STM32L0xx_HAL_Driver/Src/stm32l0xx_hal_tim.o
 .comment       0x000000000000007b       0x7c Drivers/STM32L0xx_HAL_Driver/Src/stm32l0xx_hal_tim_ex.o
 .comment       0x000000000000007b       0x7c Drivers/STM32L0xx_HAL_Driver/Src/stm32l0xx_ll_usb.o
 .comment       0x000000000000007b       0x7c Middlewares/ST/STM32_USB_Device_Library/Class/CDC/Src/usbd_cdc.o
 .comment       0x000000000000007b       0x7c Middlewares/ST/STM32_USB_Device_Library/Core/Src/usbd_core.o
 .comment       0x000000000000007b       0x7c Middlewares/ST/STM32_USB_Device_Library/Core/Src/usbd_ctlreq.o
 .comment       0x000000000000007b       0x7c Middlewares/ST/STM32_USB_Device_Library/Core/Src/usbd_ioreq.o
 .comment       0x000000000000007b       0x7c USB_DEVICE/App/usb_device.o
 .comment       0x000000000000007b       0x7c USB_DEVICE/App/usbd_cdc_if.o
 .comment       0x000000000000007b       0x7c USB_DEVICE/App/usbd_desc.o
 .comment       0x000000000000007b       0x7c USB_DEVICE/Target/usbd_conf.o

.debug_frame    0x0000000000000000     0x32b8
 .debug_frame   0x0000000000000000       0xe8 Core/Src/main.o
 .debug_frame   0x00000000000000e8       0x8c Core/Src/stm32l0xx_hal_msp.o
 .debug_frame   0x0000000000000174       0xb8 Core/Src/stm32l0xx_it.o
 .debug_frame   0x000000000000022c       0x4c Core/Src/system_stm32l0xx.o
 .debug_frame   0x0000000000000278      0x394 Drivers/STM32L0xx_HAL_Driver/Src/stm32l0xx_hal.o
 .debug_frame   0x000000000000060c      0x2fc Drivers/STM32L0xx_HAL_Driver/Src/stm32l0xx_hal_cortex.o
 .debug_frame   0x0000000000000908      0x110 Drivers/STM32L0xx_HAL_Driver/Src/stm32l0xx_hal_gpio.o
 .debug_frame   0x0000000000000a18      0x474 Drivers/STM32L0xx_HAL_Driver/Src/stm32l0xx_hal_pcd.o
 .debug_frame   0x0000000000000e8c      0x110 Drivers/STM32L0xx_HAL_Driver/Src/stm32l0xx_hal_pcd_ex.o
 .debug_frame   0x0000000000000f9c      0x1a4 Drivers/STM32L0xx_HAL_Driver/Src/stm32l0xx_hal_rcc.o
 .debug_frame   0x0000000000001140      0x244 Drivers/STM32L0xx_HAL_Driver/Src/stm32l0xx_hal_rcc_ex.o
 .debug_frame   0x0000000000001384      0xe50 Drivers/STM32L0xx_HAL_Driver/Src/stm32l0xx_hal_tim.o
 .debug_frame   0x00000000000021d4       0x50 Drivers/STM32L0xx_HAL_Driver/Src/stm32l0xx_hal_tim_ex.o
 .debug_frame   0x0000000000002224      0x284 Drivers/STM32L0xx_HAL_Driver/Src/stm32l0xx_ll_usb.o
 .debug_frame   0x00000000000024a8      0x1f0 Middlewares/ST/STM32_USB_Device_Library/Class/CDC/Src/usbd_cdc.o
 .debug_frame   0x0000000000002698      0x290 Middlewares/ST/STM32_USB_Device_Library/Core/Src/usbd_core.o
 .debug_frame   0x0000000000002928      0x1d4 Middlewares/ST/STM32_USB_Device_Library/Core/Src/usbd_ctlreq.o
 .debug_frame   0x0000000000002afc       0xf0 Middlewares/ST/STM32_USB_Device_Library/Core/Src/usbd_ioreq.o
 .debug_frame   0x0000000000002bec       0x2c USB_DEVICE/App/usb_device.o
 .debug_frame   0x0000000000002c18       0xcc USB_DEVICE/App/usbd_cdc_if.o
 .debug_frame   0x0000000000002ce4      0x130 USB_DEVICE/App/usbd_desc.o
 .debug_frame   0x0000000000002e14      0x438 USB_DEVICE/Target/usbd_conf.o
 .debug_frame   0x000000000000324c       0x2c c:/st/stm32cubeide_1.3.0/stm32cubeide/plugins/com.st.stm32cube.ide.mcu.externaltools.gnu-tools-for-stm32.7-2018-q2-update.win32_1.4.0.202007081208/tools/bin/../lib/gcc/arm-none-eabi/7.3.1/../../../../arm-none-eabi/lib/thumb/v6-m\libc_nano.a(lib_a-init.o)
 .debug_frame   0x0000000000003278       0x20 c:/st/stm32cubeide_1.3.0/stm32cubeide/plugins/com.st.stm32cube.ide.mcu.externaltools.gnu-tools-for-stm32.7-2018-q2-update.win32_1.4.0.202007081208/tools/bin/../lib/gcc/arm-none-eabi/7.3.1/../../../../arm-none-eabi/lib/thumb/v6-m\libc_nano.a(lib_a-memset.o)
 .debug_frame   0x0000000000003298       0x20 c:/st/stm32cubeide_1.3.0/stm32cubeide/plugins/com.st.stm32cube.ide.mcu.externaltools.gnu-tools-for-stm32.7-2018-q2-update.win32_1.4.0.202007081208/tools/bin/../lib/gcc/arm-none-eabi/7.3.1/thumb/v6-m\libgcc.a(_udivsi3.o)
